Component: ARM Compiler 5.06 update 6 (build 750) Tool: armlink [4d35ed]

==============================================================================

Section Cross References

    hardware_init.o(i.ADC_init) refers to snr8503x_adc.o(i.ADC_StructInit) for ADC_StructInit
    hardware_init.o(i.ADC_init) refers to snr8503x_adc.o(i.ADC_Init) for ADC_Init
    hardware_init.o(i.CMP_init) refers to snr8503x_cmp.o(i.CMP_StructInit) for CMP_StructInit
    hardware_init.o(i.CMP_init) refers to snr8503x_sys.o(i.SYS_AnalogModuleClockCmd) for SYS_AnalogModuleClockCmd
    hardware_init.o(i.CMP_init) refers to snr8503x_cmp.o(i.CMP_Init) for CMP_Init
    hardware_init.o(i.Clock_Init) refers to delay.o(i.delay_init) for delay_init
    hardware_init.o(i.Clock_Init) refers to hardware_init.o(i.SoftDelay) for SoftDelay
    hardware_init.o(i.Clock_Init) refers to snr8503x_sys.o(i.SYS_SoftResetModule) for SYS_SoftResetModule
    hardware_init.o(i.DAC_OutputValue) refers to lks32mc03x_nvr.o(i.Read_Trim) for Read_Trim
    hardware_init.o(i.DAC_init) refers to snr8503x_sys.o(i.SYS_AnalogModuleClockCmd) for SYS_AnalogModuleClockCmd
    hardware_init.o(i.DAC_init) refers to hardware_init.o(i.DAC_OutputValue) for DAC_OutputValue
    hardware_init.o(i.GPIO_init) refers to snr8503x_gpio.o(i.GPIO_StructInit) for GPIO_StructInit
    hardware_init.o(i.GPIO_init) refers to snr8503x_gpio.o(i.GPIO_Init) for GPIO_Init
    hardware_init.o(i.GPIO_init) refers to snr8503x_gpio.o(i.GPIO_PinAFConfig) for GPIO_PinAFConfig
    hardware_init.o(i.GPIO_init) refers to system_init.o(i.Multiplex_nRST) for Multiplex_nRST
    hardware_init.o(i.GPIO_init) refers to snr8503x_gpio.o(i.GPIO_WriteBit) for GPIO_WriteBit
    hardware_init.o(i.GPIO_init) refers to system_init.o(i.Multiplex_SWD) for Multiplex_SWD
    hardware_init.o(i.HALL_init) refers to snr8503x_hall.o(i.HALL_StructInit) for HALL_StructInit
    hardware_init.o(i.HALL_init) refers to snr8503x_hall.o(i.HALL_Init) for HALL_Init
    hardware_init.o(i.Hardware_init) refers to snr8503x_iwdg.o(i.IWDG_DISABLE) for IWDG_DISABLE
    hardware_init.o(i.Hardware_init) refers to delay.o(i.delay_init) for delay_init
    hardware_init.o(i.Hardware_init) refers to delay.o(i.delay_ms) for delay_ms
    hardware_init.o(i.Hardware_init) refers to hardware_init.o(i.GPIO_init) for GPIO_init
    hardware_init.o(i.Hardware_init) refers to system_init.o(i.PWON_PGEN) for PWON_PGEN
    hardware_init.o(i.Hardware_init) refers to hardware_init.o(i.PGA_init) for PGA_init
    hardware_init.o(i.Hardware_init) refers to hardware_init.o(i.ADC_init) for ADC_init
    hardware_init.o(i.Hardware_init) refers to hardware_init.o(i.DAC_init) for DAC_init
    hardware_init.o(i.Hardware_init) refers to hardware_init.o(i.CMP_init) for CMP_init
    hardware_init.o(i.Hardware_init) refers to hardware_init.o(i.UTimer_init) for UTimer_init
    hardware_init.o(i.Hardware_init) refers to hardware_init.o(i.MCPWM_init) for MCPWM_init
    hardware_init.o(i.Hardware_init) refers to zero_detect.o(i.BLDC_init) for BLDC_init
    hardware_init.o(i.Hardware_init) refers to hardware_init.o(i.SoftDelay) for SoftDelay
    hardware_init.o(i.Hardware_init) refers to hardware_init.o(i.NVIC_SetPriority) for NVIC_SetPriority
    hardware_init.o(i.Hardware_init) refers to hardware_init.o(i.NVIC_EnableIRQ) for NVIC_EnableIRQ
    hardware_init.o(i.Hardware_init) refers to delay.o(i.delay_us) for delay_us
    hardware_init.o(i.MCPWM_init) refers to snr8503x_mcpwm.o(i.MCPWM_StructInit) for MCPWM_StructInit
    hardware_init.o(i.MCPWM_init) refers to snr8503x_mcpwm.o(i.MCPWM_Init) for MCPWM_Init
    hardware_init.o(i.PGA_init) refers to snr8503x_sys.o(i.SYS_AnalogModuleClockCmd) for SYS_AnalogModuleClockCmd
    hardware_init.o(i.SystemInit) refers to hardware_init.o(i.Clock_Init) for Clock_Init
    hardware_init.o(i.UTimer_init) refers to snr8503x_timer.o(i.TIM_TimerStrutInit) for TIM_TimerStrutInit
    hardware_init.o(i.UTimer_init) refers to snr8503x_timer.o(i.TIM_TimerInit) for TIM_TimerInit
    global_variable.o(i.Init_Parameter) refers to pid.o(i.InitPI) for InitPI
    global_variable.o(i.Init_Parameter) refers to global_variable.o(.bss) for .bss
    global_variable.o(i.Init_Parameter) refers to comp_sensoeless.o(.data) for CMP_PhaseTab
    global_variable.o(i.Init_Parameter) refers to speedramp.o(.bss) for RP
    global_variable.o(i.Init_Parameter) refers to speedramp.o(.bss) for RPValue
    global_variable.o(i.Init_Parameter) refers to speedramp.o(.bss) for SPEED_Cmd
    global_variable.o(i.Init_Parameter) refers to speedramp.o(.bss) for SPEEDValue
    global_variable.o(i.variable_reset) refers to pid.o(i.InitPI) for InitPI
    global_variable.o(i.variable_reset) refers to mc_drive.o(.data) for CWCCW_bIOInput
    global_variable.o(i.variable_reset) refers to global_variable.o(.bss) for .bss
    global_variable.o(i.variable_reset) refers to comp_sensoeless.o(.data) for CMP_PhaseTab
[...]
    Removing snr8503x_hall.o(i.HALL_StructInit), (36 bytes).
    Removing snr8503x_i2c.o(i.Clear_I2c_Bus_State), (16 bytes).
    Removing snr8503x_i2c.o(i.I2C_Init), (96 bytes).
    Removing snr8503x_i2c.o(i.I2C_StrutInit), (30 bytes).
    Removing snr8503x_i2c.o(i.Read_I2c_Bus_State), (20 bytes).
    Removing snr8503x_iwdg.o(i.IWDG_Feed), (24 bytes).
    Removing snr8503x_iwdg.o(i.IWDG_Init), (60 bytes).
    Removing snr8503x_iwdg.o(i.IWDG_StrutInit), (20 bytes).
    Removing snr8503x_mcpwm.o(i.MCPWM_SwapFunction), (28 bytes).
    Removing snr8503x_mcpwm.o(i.PWMOutputs_CH3), (44 bytes).
    Removing snr8503x_mcpwm.o(i.PWM_CH3_Outputs), (44 bytes).
    Removing snr8503x_spi.o(i.SPI_GetIRQFlag), (6 bytes).
    Removing snr8503x_spi.o(i.SPI_Init), (86 bytes).
    Removing snr8503x_spi.o(i.SPI_ReadData), (6 bytes).
    Removing snr8503x_spi.o(i.SPI_SendData), (4 bytes).
    Removing snr8503x_spi.o(i.SPI_StructInit), (30 bytes).
    Removing snr8503x_sys.o(i.SYS_ClearRst), (16 bytes).
    Removing snr8503x_sys.o(i.SYS_GetRstSource), (12 bytes).
    Removing snr8503x_sys.o(i.SYS_Init), (60 bytes).
    Removing snr8503x_sys.o(i.SYS_StructInit), (18 bytes).
    Removing snr8503x_uart.o(i.UART_ClearIRQFlag), (4 bytes).
    Removing snr8503x_uart.o(i.UART_GetIRQFlag), (4 bytes).
    Removing snr8503x_uart.o(i.UART_Init), (148 bytes).
    Removing snr8503x_uart.o(i.UART_ReadData), (4 bytes).
    Removing snr8503x_uart.o(i.UART_SendData), (4 bytes).
    Removing snr8503x_uart.o(i.UART_StructInit), (30 bytes).
    Removing segger_rtt.o(i.SEGGER_RTT_AllocDownBuffer), (100 bytes).
    Removing segger_rtt.o(i.SEGGER_RTT_AllocUpBuffer), (100 bytes).
    Removing segger_rtt.o(i.SEGGER_RTT_ConfigDownBuffer), (88 bytes).
    Removing segger_rtt.o(i.SEGGER_RTT_ConfigUpBuffer), (88 bytes).
    Removing segger_rtt.o(i.SEGGER_RTT_GetAvailWriteSpace), (24 bytes).
    Removing segger_rtt.o(i.SEGGER_RTT_GetBytesInBuffer), (32 bytes).
    Removing segger_rtt.o(i.SEGGER_RTT_GetKey), (28 bytes).
    Removing segger_rtt.o(i.SEGGER_RTT_HasData), (20 bytes).
    Removing segger_rtt.o(i.SEGGER_RTT_HasDataUp), (20 bytes).
    Removing segger_rtt.o(i.SEGGER_RTT_HasKey), (36 bytes).
    Removing segger_rtt.o(i.SEGGER_RTT_Init), (2 bytes).
    Removing segger_rtt.o(i.SEGGER_RTT_PutChar), (96 bytes).
    Removing segger_rtt.o(i.SEGGER_RTT_PutCharSkip), (84 bytes).
    Removing segger_rtt.o(i.SEGGER_RTT_PutCharSkipNoLock), (52 bytes).
    Removing segger_rtt.o(i.SEGGER_RTT_Read), (24 bytes).
    Removing segger_rtt.o(i.SEGGER_RTT_ReadNoLock), (128 bytes).
    Removing segger_rtt.o(i.SEGGER_RTT_ReadUpBuffer), (24 bytes).
    Removing segger_rtt.o(i.SEGGER_RTT_ReadUpBufferNoLock), (128 bytes).
    Removing segger_rtt.o(i.SEGGER_RTT_SetFlagsDownBuffer), (64 bytes).
    Removing segger_rtt.o(i.SEGGER_RTT_SetFlagsUpBuffer), (64 bytes).
    Removing segger_rtt.o(i.SEGGER_RTT_SetNameDownBuffer), (64 bytes).
    Removing segger_rtt.o(i.SEGGER_RTT_SetNameUpBuffer), (64 bytes).
    Removing segger_rtt.o(i.SEGGER_RTT_SetTerminal), (132 bytes).
    Removing segger_rtt.o(i.SEGGER_RTT_TerminalOut), (172 bytes).
    Removing segger_rtt.o(i.SEGGER_RTT_WaitKey), (12 bytes).
    Removing segger_rtt.o(i.SEGGER_RTT_Write), (52 bytes).
    Removing segger_rtt.o(i.SEGGER_RTT_WriteDownBuffer), (52 bytes).
    Removing segger_rtt.o(i.SEGGER_RTT_WriteDownBufferNoLock), (92 bytes).
    Removing segger_rtt.o(i.SEGGER_RTT_WriteNoLock), (92 bytes).
    Removing segger_rtt.o(i.SEGGER_RTT_WriteSkipNoLock), (108 bytes).
    Removing segger_rtt.o(i.SEGGER_RTT_WriteString), (24 bytes).
    Removing segger_rtt.o(i.SEGGER_RTT_WriteWithOverwriteNoLock), (140 bytes).
    Removing segger_rtt.o(i._DoInit), (108 bytes).
    Removing segger_rtt.o(i._GetAvailWriteSpace), (30 bytes).
    Removing segger_rtt.o(i._PostTerminalSwitch), (28 bytes).
    Removing segger_rtt.o(i._WriteBlocking), (96 bytes).
    Removing segger_rtt.o(i._WriteNoCheck), (60 bytes).
    Removing segger_rtt.o(.bss), (1208 bytes).
    Removing segger_rtt.o(.data), (17 bytes).
    Removing segger_rtt_printf.o(i.SEGGER_RTT_printf), (24 bytes).
    Removing segger_rtt_printf.o(i.SEGGER_RTT_vprintf), (492 bytes).
    Removing segger_rtt_printf.o(i._PrintInt), (200 bytes).
    Removing segger_rtt_printf.o(i._PrintUnsigned), (216 bytes).
    Removing segger_rtt_printf.o(i._StoreChar), (62 bytes).
    Removing segger_rtt_printf.o(.constdata), (16 bytes).
    Removing lks32mc03x_nvr.o(i.Prog_Trim), (100 bytes).

122 unused section(s) (total 7654 bytes) removed from the image.

==============================================================================

Image Symbol Table

    Local Symbols

    Symbol Name                              Value     Ov Type        Size  Object(Section)

    RESET                                    0x00000000   Section      192  startup_snr8503x.o(RESET)
    ../clib/angel/boardlib.s                 0x00000000   Number         0  boardinit1.o ABSOLUTE
    ../clib/angel/boardlib.s                 0x00000000   Number         0  boardinit2.o ABSOLUTE
    ../clib/angel/boardlib.s                 0x00000000   Number         0  boardinit3.o ABSOLUTE
    ../clib/angel/boardlib.s                 0x00000000   Number         0  boardshut.o ABSOLUTE
    ../clib/angel/handlers.s                 0x00000000   Number         0  __scatter_zi.o ABSOLUTE
    ../clib/angel/handlers.s                 0x00000000   Number         0  __scatter_copy.o ABSOLUTE
    ../clib/angel/kernel.s                   0x00000000   Number         0  rtexit2.o ABSOLUTE
    ../clib/angel/kernel.s                   0x00000000   Number         0  __rtentry2.o ABSOLUTE
    ../clib/angel/kernel.s                   0x00000000   Number         0  __rtentry.o ABSOLUTE
    ../clib/angel/kernel.s                   0x00000000   Number         0  __rtentry4.o ABSOLUTE
    ../clib/angel/kernel.s                   0x00000000   Number         0  rtexit.o ABSOLUTE
    ../clib/angel/rt.s                       0x00000000   Number         0  rt_div0.o ABSOLUTE
    ../clib/angel/rt.s                       0x00000000   Number         0  rt_raise.o ABSOLUTE
    ../clib/angel/rt.s                       0x00000000   Number         0  aeabi_idiv0.o ABSOLUTE
    ../clib/angel/rt.s                       0x00000000   Number         0  aeabi_idiv0_sigfpe.o ABSOLUTE
    ../clib/angel/scatterp.s                 0x00000000   Number         0  __scatter.o ABSOLUTE
    ../clib/angel/startup.s                  0x00000000   Number         0  __main.o ABSOLUTE
    ../clib/angel/sys.s                      0x00000000   Number         0  sys_stackheap_outer.o ABSOLUTE
    ../clib/angel/sys.s                      0x00000000   Number         0  tempstk.o ABSOLUTE
    ../clib/angel/sys.s                      0x00000000   Number         0  use_no_semi.o ABSOLUTE
    ../clib/angel/sys.s                      0x00000000   Number         0  indicate_semi.o ABSOLUTE
    ../clib/angel/sys.s                      0x00000000   Number         0  libspace.o ABSOLUTE
    ../clib/angel/sysapp.c                   0x00000000   Number         0  sys_command.o ABSOLUTE
    ../clib/angel/sysapp.c                   0x00000000   Number         0  sys_exit.o ABSOLUTE
    ../clib/angel/sysapp.c                   0x00000000   Number         0  sys_wrch.o ABSOLUTE
    ../clib/armsys.c                         0x00000000   Number         0  no_argv.o ABSOLUTE
    ../clib/armsys.c                         0x00000000   Number         0  _get_argv_nomalloc.o ABSOLUTE
    ../clib/armsys.c                         0x00000000   Number         0  argv_veneer.o ABSOLUTE
    ../clib/division.s                       0x00000000   Number         0  aeabi_sdiv.o ABSOLUTE
    ../clib/division.s                       0x00000000   Number         0  aeabi_sdiv_div0.o ABSOLUTE
    ../clib/heapalloc.c                      0x00000000   Number         0  hrguard.o ABSOLUTE
    ../clib/heapaux.c                        0x00000000   Number         0  heapauxi.o ABSOLUTE
    ../clib/libinit.s                        0x00000000   Number         0  libshutdown.o ABSOLUTE
    ../clib/libinit.s                        0x00000000   Number         0  libinit.o ABSOLUTE
    ../clib/libinit.s                        0x00000000   Number         0  libinit2.o ABSOLUTE
    ../clib/libinit.s                        0x00000000   Number         0  libshutdown2.o ABSOLUTE
    ../clib/memcpset.c                       0x00000000   Number         0  rt_memclr.o ABSOLUTE
    ../clib/memcpset.c                       0x00000000   Number         0  rt_memcpy.o ABSOLUTE
    ../clib/memcpset.c                       0x00000000   Number         0  rt_memcpy.o ABSOLUTE
    ../clib/signal.c                         0x00000000   Number         0  defsig_fpe_outer.o ABSOLUTE
    ../clib/signal.c                         0x00000000   Number         0  defsig_fpe_formal.o ABSOLUTE
    ../clib/signal.c                         0x00000000   Number         0  defsig_general.o ABSOLUTE
    ../clib/signal.c                         0x00000000   Number         0  defsig_other.o ABSOLUTE
    ../clib/signal.c                         0x00000000   Number         0  defsig_segv_inner.o ABSOLUTE
    ../clib/signal.c                         0x00000000   Number         0  __raise.o ABSOLUTE
    ../clib/signal.c                         0x00000000   Number         0  defsig_cppl_inner.o ABSOLUTE
    ../clib/signal.c                         0x00000000   Number         0  defsig_stak_inner.o ABSOLUTE
    ../clib/signal.c                         0x00000000   Number         0  defsig_rtmem_formal.o ABSOLUTE
    ../clib/signal.c                         0x00000000   Number         0  defsig_rtmem_outer.o ABSOLUTE
    ../clib/signal.c                         0x00000000   Number         0  defsig_rtmem_inner.o ABSOLUTE
    ../clib/signal.c                         0x00000000   Number         0  defsig_rtred_inner.o ABSOLUTE
    ../clib/signal.c                         0x00000000   Number         0  defsig_abrt_inner.o ABSOLUTE
    ../clib/signal.c                         0x00000000   Number         0  defsig_pvfn_inner.o ABSOLUTE
    ../clib/signal.c                         0x00000000   Number         0  defsig_fpe_inner.o ABSOLUTE
    ../clib/signal.c                         0x00000000   Number         0  defsig_exit.o ABSOLUTE
    ../clib/signal.s                         0x00000000   Number         0  defsig.o ABSOLUTE
    ../clib/stdlib.c                         0x00000000   Number         0  exit.o ABSOLUTE
    ../clib/string.c                         0x00000000   Number         0  strlen.o ABSOLUTE
    ../clib/string.c                         0x00000000   Number         0  strcpy.o ABSOLUTE
    ../fplib/cfplib/d2f.c                    0x00000000   Number         0  d2f.o ABSOLUTE
    ../fplib/cfplib/fdiv.c                   0x00000000   Number         0  fdiv.o ABSOLUTE
    ../fplib/cfplib/ffix.c                   0x00000000   Number         0  ffixi.o ABSOLUTE
    ../fplib/cfplib/ffix.c                   0x00000000   Number         0  ffixui.o ABSOLUTE
    ../fplib/cfplib/fflt.c                   0x00000000   Number         0  fflti.o ABSOLUTE
    ../fplib/cfplib/fpinit.c                 0x00000000   Number         0  fpinit.o ABSOLUTE
    ../fplib/fmul6m.s                        0x00000000   Number         0  fmul.o ABSOLUTE
    ../fplib/usenofp.s                       0x00000000   Number         0  usenofp.o ABSOLUTE
    AppFunction\Global_Variable.c            0x00000000   Number         0  global_variable.o ABSOLUTE
    AppFunction\System_Init.c                0x00000000   Number         0  system_init.o ABSOLUTE
    AppFunction\hardware_init.c              0x00000000   Number         0  hardware_init.o ABSOLUTE
    Kernal_Source\COMP_Sensoeless.c          0x00000000   Number         0  comp_sensoeless.o ABSOLUTE
    Kernal_Source\M1_StateMachine.c          0x00000000   Number         0  m1_statemachine.o ABSOLUTE
    Kernal_Source\MC_Drive.c                 0x00000000   Number         0  mc_drive.o ABSOLUTE
    Kernal_Source\MosTest.c                  0x00000000   Number         0  mostest.o ABSOLUTE
    Kernal_Source\PID.c                      0x00000000   Number         0  pid.o ABSOLUTE
    Kernal_Source\Protect.c                  0x00000000   Number         0  protect.o ABSOLUTE
    Kernal_Source\SpeedRamp.c                0x00000000   Number         0  speedramp.o ABSOLUTE
    Kernal_Source\UR_Ctrl.c                  0x00000000   Number         0  ur_ctrl.o ABSOLUTE
    Kernal_Source\Zero_detect.c              0x00000000   Number         0  zero_detect.o ABSOLUTE
    Kernal_Source\interrupt.c                0x00000000   Number         0  interrupt.o ABSOLUTE
    Kernal_Source\main.c                     0x00000000   Number         0  main.o ABSOLUTE
    SEGGER_RTT\SEGGER_RTT.c                  0x00000000   Number         0  segger_rtt.o ABSOLUTE
    SEGGER_RTT\SEGGER_RTT_printf.c           0x00000000   Number         0  segger_rtt_printf.o ABSOLUTE
    SNR8503x_Periph_Driver\Source\delay.c    0x00000000   Number         0  delay.o ABSOLUTE
    SNR8503x_Periph_Driver\Source\snr8503x_DMA.c 0x00000000   Number         0  snr8503x_dma.o ABSOLUTE
    SNR8503x_Periph_Driver\Source\snr8503x_Flash.c 0x00000000   Number         0  snr8503x_flash.o ABSOLUTE
    SNR8503x_Periph_Driver\Source\snr8503x_I2C.c 0x00000000   Number         0  snr8503x_i2c.o ABSOLUTE
    SNR8503x_Periph_Driver\Source\snr8503x_IWDG.c 0x00000000   Number         0  snr8503x_iwdg.o ABSOLUTE
    SNR8503x_Periph_Driver\Source\snr8503x_MCPWM.c 0x00000000   Number         0  snr8503x_mcpwm.o ABSOLUTE
    SNR8503x_Periph_Driver\Source\snr8503x_adc.c 0x00000000   Number         0  snr8503x_adc.o ABSOLUTE
    SNR8503x_Periph_Driver\Source\snr8503x_cmp.c 0x00000000   Number         0  snr8503x_cmp.o ABSOLUTE
    SNR8503x_Periph_Driver\Source\snr8503x_gpio.c 0x00000000   Number         0  snr8503x_gpio.o ABSOLUTE
    SNR8503x_Periph_Driver\Source\snr8503x_hall.c 0x00000000   Number         0  snr8503x_hall.o ABSOLUTE
    SNR8503x_Periph_Driver\Source\snr8503x_spi.c 0x00000000   Number         0  snr8503x_spi.o ABSOLUTE
    SNR8503x_Periph_Driver\Source\snr8503x_sys.c 0x00000000   Number         0  snr8503x_sys.o ABSOLUTE
    SNR8503x_Periph_Driver\Source\snr8503x_timer.c 0x00000000   Number         0  snr8503x_timer.o ABSOLUTE
    SNR8503x_Periph_Driver\Source\snr8503x_uart.c 0x00000000   Number         0  snr8503x_uart.o ABSOLUTE
    SNR8503x_Periph_Driver\include\startup_snr8503x.s 0x00000000   Number         0  startup_snr8503x.o ABSOLUTE
    dc.s                                     0x00000000   Number         0  dc.o ABSOLUTE
    lks32mc03x_NVR.c                         0x00000000   Number         0  lks32mc03x_nvr.o ABSOLUTE
    !!!main                                  0x000000c0   Section        8  __main.o(!!!main)
    !!!scatter                               0x000000c8   Section       60  __scatter.o(!!!scatter)
    !!handler_copy                           0x00000104   Section       26  __scatter_copy.o(!!handler_copy)
    !!handler_zi                             0x00000120   Section       28  __scatter_zi.o(!!handler_zi)
    .ARM.Collect$$libinit$$00000000          0x0000013c   Section        2  libinit.o(.ARM.Collect$$libinit$$00000000)
    .ARM.Collect$$libinit$$00000002          0x0000013e   Section        0  libinit2.o(.ARM.Collect$$libinit$$00000002)
    .ARM.Collect$$libinit$$00000004          0x0000013e   Section        0  libinit2.o(.ARM.Collect$$libinit$$00000004)
    .ARM.Collect$$libinit$$0000000A          0x0000013e   Section        0  libinit2.o(.ARM.Collect$$libinit$$0000000A)
    .ARM.Collect$$libinit$$0000000C          0x0000013e   Section        0  libinit2.o(.ARM.Collect$$libinit$$0000000C)
    .ARM.Collect$$libinit$$0000000E          0x0000013e   Section        0  libinit2.o(.ARM.Collect$$libinit$$0000000E)
    .ARM.Collect$$libinit$$00000011          0x0000013e   Section        0  libinit2.o(.ARM.Collect$$libinit$$00000011)
    .ARM.Collect$$libinit$$00000013          0x0000013e   Section        0  libinit2.o(.ARM.Collect$$libinit$$00000013)
    .ARM.Collect$$libinit$$00000015          0x0000013e   Section        0  libinit2.o(.ARM.Collect$$libinit$$00000015)
    .ARM.Collect$$libinit$$00000017          0x0000013e   Section        0  libinit2.o(.ARM.Collect$$libinit$$00000017)
    .ARM.Collect$$libinit$$00000019          0x0000013e   Section        0  libinit2.o(.ARM.Collect$$libinit$$00000019)
    .ARM.Collect$$libinit$$0000001B          0x0000013e   Section        0  libinit2.o(.ARM.Collect$$libinit$$0000001B)
    .ARM.Collect$$libinit$$0000001D          0x0000013e   Section        0  libinit2.o(.ARM.Collect$$libinit$$0000001D)
    .ARM.Collect$$libinit$$0000001F          0x0000013e   Section        0  libinit2.o(.ARM.Collect$$libinit$$0000001F)
    .ARM.Collect$$libinit$$00000021          0x0000013e   Section        0  libinit2.o(.ARM.Collect$$libinit$$00000021)
    .ARM.Collect$$libinit$$00000023          0x0000013e   Section        0  libinit2.o(.ARM.Collect$$libinit$$00000023)
    .ARM.Collect$$libinit$$00000025          0x0000013e   Section        0  libinit2.o(.ARM.Collect$$libinit$$00000025)
    .ARM.Collect$$libinit$$0000002C          0x0000013e   Section        0  libinit2.o(.ARM.Collect$$libinit$$0000002C)
    .ARM.Collect$$libinit$$0000002E          0x0000013e   Section        0  libinit2.o(.ARM.Collect$$libinit$$0000002E)
    .ARM.Collect$$libinit$$00000030          0x0000013e   Section        0  libinit2.o(.ARM.Collect$$libinit$$00000030)
    .ARM.Collect$$libinit$$00000032          0x0000013e   Section        0  libinit2.o(.ARM.Collect$$libinit$$00000032)
    .ARM.Collect$$libinit$$00000033          0x0000013e   Section        2  libinit2.o(.ARM.Collect$$libinit$$00000033)
    .ARM.Collect$$libshutdown$$00000000      0x00000140   Section        2  libshutdown.o(.ARM.Collect$$libshutdown$$00000000)
    .ARM.Collect$$libshutdown$$00000002      0x00000142   Section        0  libshutdown2.o(.ARM.Collect$$libshutdown$$00000002)
    .ARM.Collect$$libshutdown$$00000004      0x00000142   Section        0  libshutdown2.o(.ARM.Collect$$libshutdown$$00000004)
    .ARM.Collect$$libshutdown$$00000007      0x00000142   Section        0  libshutdown2.o(.ARM.Collect$$libshutdown$$00000007)
    .ARM.Collect$$libshutdown$$0000000A      0x00000142   Section        0  libshutdown2.o(.ARM.Collect$$libshutdown$$0000000A)
    .ARM.Collect$$libshutdown$$0000000C      0x00000142   Section        0  libshutdown2.o(.ARM.Collect$$libshutdown$$0000000C)
    .ARM.Collect$$libshutdown$$0000000F      0x00000142   Section        0  libshutdown2.o(.ARM.Collect$$libshutdown$$0000000F)
    .ARM.Collect$$libshutdown$$00000010      0x00000142   Section        2  libshutdown2.o(.ARM.Collect$$libshutdown$$00000010)
    .ARM.Collect$$rtentry$$00000000          0x00000144   Section        0  __rtentry.o(.ARM.Collect$$rtentry$$00000000)
    .ARM.Collect$$rtentry$$00000002          0x00000144   Section        0  __rtentry2.o(.ARM.Collect$$rtentry$$00000002)
    .ARM.Collect$$rtentry$$00000004          0x00000144   Section        6  __rtentry4.o(.ARM.Collect$$rtentry$$00000004)
    .ARM.Collect$$rtentry$$00000009          0x0000014a   Section        0  __rtentry2.o(.ARM.Collect$$rtentry$$00000009)
    .ARM.Collect$$rtentry$$0000000A          0x0000014a   Section        4  __rtentry2.o(.ARM.Collect$$rtentry$$0000000A)
    .ARM.Collect$$rtentry$$0000000C          0x0000014e   Section        0  __rtentry2.o(.ARM.Collect$$rtentry$$0000000C)
    .ARM.Collect$$rtentry$$0000000D          0x0000014e   Section        8  __rtentry2.o(.ARM.Collect$$rtentry$$0000000D)
    .ARM.Collect$$rtexit$$00000000           0x00000156   Section        2  rtexit.o(.ARM.Collect$$rtexit$$00000000)
    .ARM.Collect$$rtexit$$00000002           0x00000158   Section        0  rtexit2.o(.ARM.Collect$$rtexit$$00000002)
    .ARM.Collect$$rtexit$$00000003           0x00000158   Section        4  rtexit2.o(.ARM.Collect$$rtexit$$00000003)
    .ARM.Collect$$rtexit$$00000004           0x0000015c   Section        6  rtexit2.o(.ARM.Collect$$rtexit$$00000004)
    .text                                    0x00000164   Section       68  startup_snr8503x.o(.text)
    .text                                    0x000001a8   Section        0  rt_memclr.o(.text)
    .text                                    0x000001e8   Section      346  aeabi_sdiv.o(.text)
    .text                                    0x00000342   Section        0  heapauxi.o(.text)
    .text                                    0x00000348   Section        0  fdiv.o(.text)
    .text                                    0x000004a8   Section        0  ffixui.o(.text)
    .text                                    0x000004d8   Section        0  fflti.o(.text)
    .text                                    0x00000536   Section       62  sys_stackheap_outer.o(.text)
    .text                                    0x00000574   Section        0  exit.o(.text)
    .text                                    0x00000584   Section        8  libspace.o(.text)
    .text                                    0x0000058c   Section        0  sys_exit.o(.text)
    .text                                    0x00000598   Section        2  use_no_semi.o(.text)
    .text                                    0x0000059a   Section        0  indicate_semi.o(.text)
    i.ADC_IRQHandler                         0x0000059c   Section        0  interrupt.o(i.ADC_IRQHandler)
    i.ADC_Init                               0x000005d8   Section        0  snr8503x_adc.o(i.ADC_Init)
    i.ADC_StructInit                         0x00000668   Section        0  snr8503x_adc.o(i.ADC_StructInit)
    i.ADC_init                               0x0000068c   Section        0  hardware_init.o(i.ADC_init)
    i.BLDC_Brake                             0x000006e4   Section        0  mc_drive.o(i.BLDC_Brake)
    i.BLDC_COMP_Input_Only                   0x00000724   Section        0  mc_drive.o(i.BLDC_COMP_Input_Only)
    i.BLDC_Communication                     0x0000077c   Section        0  mc_drive.o(i.BLDC_Communication)
    i.BLDC_Stop                              0x00000824   Section        0  mc_drive.o(i.BLDC_Stop)
    i.BLDC_init                              0x00000840   Section        0  zero_detect.o(i.BLDC_init)
    i.CMP_IRQHandler                         0x00000868   Section        0  interrupt.o(i.CMP_IRQHandler)
    i.CMP_Init                               0x000008d0   Section        0  snr8503x_cmp.o(i.CMP_Init)
    i.CMP_SNS_Motor_Align                    0x000009b0   Section        0  comp_sensoeless.o(i.CMP_SNS_Motor_Align)
    i.CMP_SNS_Motor_AutoCommutation          0x00000a68   Section        0  comp_sensoeless.o(i.CMP_SNS_Motor_AutoCommutation)
    i.CMP_StructInit                         0x00000b8c   Section        0  snr8503x_cmp.o(i.CMP_StructInit)
    i.CMP_init                               0x00000bca   Section        0  hardware_init.o(i.CMP_init)
    i.COMP_Motor_Zero_Detect                 0x00000c10   Section        0  zero_detect.o(i.COMP_Motor_Zero_Detect)
    i.CWCCW_PowerOn                          0x00000c50   Section        0  mc_drive.o(i.CWCCW_PowerOn)
    i.CWCCW_ReadIO                           0x00000c6c   Section        0  mc_drive.o(i.CWCCW_ReadIO)
    i.CalcGraudNormalizationData             0x00000cc0   Section        0  speedramp.o(i.CalcGraudNormalizationData)
    i.CalcNormalization                      0x00000d04   Section        0  speedramp.o(i.CalcNormalization)
    i.CalcPI                                 0x00000d66   Section        0  pid.o(i.CalcPI)
    i.Clock_Init                             0x00000da0   Section        0  hardware_init.o(i.Clock_Init)
    i.CurrentOffsetCalibration               0x00000de0   Section        0  system_init.o(i.CurrentOffsetCalibration)
    i.Current_Limit                          0x00000eac   Section        0  protect.o(i.Current_Limit)
    i.DAC_OutputValue                        0x00000ee0   Section        0  hardware_init.o(i.DAC_OutputValue)
    i.DAC_init                               0x00000f1c   Section        0  hardware_init.o(i.DAC_init)
    i.DC_offset_protect                      0x00000f30   Section        0  system_init.o(i.DC_offset_protect)
    i.DMA_IRQHandler                         0x00000f78   Section        0  interrupt.o(i.DMA_IRQHandler)
    i.Digital_Value_Getting                  0x00000f84   Section        0  interrupt.o(i.Digital_Value_Getting)
    i.Freerun_Zero_Detect                    0x00000fec   Section        0  zero_detect.o(i.Freerun_Zero_Detect)
    i.GPIO_IRQHandler                        0x00001038   Section        0  interrupt.o(i.GPIO_IRQHandler)
    i.GPIO_Init                              0x0000104c   Section        0  snr8503x_gpio.o(i.GPIO_Init)
    i.GPIO_PinAFConfig                       0x000010c0   Section        0  snr8503x_gpio.o(i.GPIO_PinAFConfig)
    i.GPIO_ReadInputDataBit                  0x00001194   Section        0  snr8503x_gpio.o(i.GPIO_ReadInputDataBit)
    i.GPIO_StructInit                        0x000011a2   Section        0  snr8503x_gpio.o(i.GPIO_StructInit)
    i.GPIO_WriteBit                          0x000011ae   Section        0  snr8503x_gpio.o(i.GPIO_WriteBit)
    i.GPIO_init                              0x000011bc   Section        0  hardware_init.o(i.GPIO_init)
    i.HALL_IRQHandler                        0x0000128c   Section        0  interrupt.o(i.HALL_IRQHandler)
    i.Hardware_init                          0x000012a0   Section        0  hardware_init.o(i.Hardware_init)
    i.I2C_IRQHandler                         0x0000134c   Section        0  interrupt.o(i.I2C_IRQHandler)
    i.INIT_FreerunDetect                     0x00001350   Section        0  comp_sensoeless.o(i.INIT_FreerunDetect)
    i.IWDG_DISABLE                           0x000013b8   Section        0  snr8503x_iwdg.o(i.IWDG_DISABLE)
    i.InitNormalization                      0x000013c8   Section        0  speedramp.o(i.InitNormalization)
    i.InitPI                                 0x000013f8   Section        0  pid.o(i.InitPI)
    i.Init_Parameter                         0x0000143c   Section        0  global_variable.o(i.Init_Parameter)
    i.M1M1_Fault                             0x00001554   Section        0  m1_statemachine.o(i.M1M1_Fault)
    i.M1M1_Init                              0x0000158c   Section        0  m1_statemachine.o(i.M1M1_Init)
    M1M1_Init                                0x0000158d   Thumb Code    14  m1_statemachine.o(i.M1M1_Init)
    i.M1M1_Run                               0x000015a0   Section        0  m1_statemachine.o(i.M1M1_Run)
    M1M1_Run                                 0x000015a1   Thumb Code    12  m1_statemachine.o(i.M1M1_Run)
    i.M1M1_RunAlign                          0x000015b4   Section        0  m1_statemachine.o(i.M1M1_RunAlign)
    M1M1_RunAlign                            0x000015b5   Thumb Code     8  m1_statemachine.o(i.M1M1_RunAlign)
    i.M1M1_RunBrake                          0x000015c0   Section        0  m1_statemachine.o(i.M1M1_RunBrake)
    M1M1_RunBrake                            0x000015c1   Thumb Code    40  m1_statemachine.o(i.M1M1_RunBrake)
    i.M1M1_RunCalib                          0x000015f0   Section        0  m1_statemachine.o(i.M1M1_RunCalib)
    M1M1_RunCalib                            0x000015f1   Thumb Code     8  m1_statemachine.o(i.M1M1_RunCalib)
    i.M1M1_RunFreerun_Det                    0x000015fc   Section        0  m1_statemachine.o(i.M1M1_RunFreerun_Det)
    M1M1_RunFreerun_Det                      0x000015fd   Thumb Code    16  m1_statemachine.o(i.M1M1_RunFreerun_Det)
    i.M1M1_RunReady                          0x00001610   Section        0  m1_statemachine.o(i.M1M1_RunReady)
    M1M1_RunReady                            0x00001611   Thumb Code    14  m1_statemachine.o(i.M1M1_RunReady)
    i.M1M1_RunSpin                           0x00001624   Section        0  m1_statemachine.o(i.M1M1_RunSpin)
    M1M1_RunSpin                             0x00001625   Thumb Code    16  m1_statemachine.o(i.M1M1_RunSpin)
    i.M1M1_RunStartup                        0x00001638   Section        0  m1_statemachine.o(i.M1M1_RunStartup)
    M1M1_RunStartup                          0x00001639   Thumb Code     8  m1_statemachine.o(i.M1M1_RunStartup)
    i.M1M1_Stop                              0x00001644   Section        0  m1_statemachine.o(i.M1M1_Stop)
    M1M1_Stop                                0x00001645   Thumb Code    26  m1_statemachine.o(i.M1M1_Stop)
    i.M1M1_SwitchRunStop                     0x00001668   Section        0  m1_statemachine.o(i.M1M1_SwitchRunStop)
    M1M1_SwitchRunStop                       0x00001669   Thumb Code    18  m1_statemachine.o(i.M1M1_SwitchRunStop)
    i.MCPWM0_IRQHandler                      0x00001680   Section        0  interrupt.o(i.MCPWM0_IRQHandler)
    i.MCPWM1_IRQHandler                      0x000016c0   Section        0  interrupt.o(i.MCPWM1_IRQHandler)
    i.MCPWM_Init                             0x000016c4   Section        0  snr8503x_mcpwm.o(i.MCPWM_Init)
    i.MCPWM_StructInit                       0x00001940   Section        0  snr8503x_mcpwm.o(i.MCPWM_StructInit)
    i.MCPWM_init                             0x0000194c   Section        0  hardware_init.o(i.MCPWM_init)
    i.MOS_Check_Step                         0x000019fc   Section        0  mostest.o(i.MOS_Check_Step)
    i.MOS_TEMP_protect                       0x00001aa8   Section        0  protect.o(i.MOS_TEMP_protect)
    i.MosTest                                0x00001b44   Section        0  mostest.o(i.MosTest)
    i.Motor_Block_Protect                    0x00001c44   Section        0  protect.o(i.Motor_Block_Protect)
    i.Motor_Freerun_Detect                   0x00001cf0   Section        0  comp_sensoeless.o(i.Motor_Freerun_Detect)
    i.Motor_LED_DISP                         0x00001eac   Section        0  mc_drive.o(i.Motor_LED_DISP)
    i.Motor_LED_Error                        0x00001f0c   Section        0  mc_drive.o(i.Motor_LED_Error)
    i.Multiplex_SWD                          0x00001fec   Section        0  system_init.o(i.Multiplex_SWD)
    i.Multiplex_nRST                         0x00002008   Section        0  system_init.o(i.Multiplex_nRST)
    i.NVIC_EnableIRQ                         0x00002024   Section        0  hardware_init.o(i.NVIC_EnableIRQ)
    NVIC_EnableIRQ                           0x00002025   Thumb Code    20  hardware_init.o(i.NVIC_EnableIRQ)
    i.NVIC_SetPriority                       0x0000203c   Section        0  hardware_init.o(i.NVIC_SetPriority)
    NVIC_SetPriority                         0x0000203d   Thumb Code    60  hardware_init.o(i.NVIC_SetPriority)
    i.OVER_current_protect                   0x00002080   Section        0  protect.o(i.OVER_current_protect)
    i.PGA_init                               0x0000212c   Section        0  hardware_init.o(i.PGA_init)
    i.PGEN                                   0x00002150   Section        0  system_init.o(i.PGEN)
    i.PWMOutputs                             0x00002190   Section        0  snr8503x_mcpwm.o(i.PWMOutputs)
    i.PWON_PGEN                              0x000021bc   Section        0  system_init.o(i.PWON_PGEN)
    i.PiCurrentLimitPWMDuty                  0x000021d4   Section        0  mc_drive.o(i.PiCurrentLimitPWMDuty)
    i.Read_Trim                              0x00002238   Section        0  lks32mc03x_nvr.o(i.Read_Trim)
    i.SET_SWD                                0x00002298   Section        0  system_init.o(i.SET_SWD)
    i.SPI_IRQHandler                         0x000022b4   Section        0  interrupt.o(i.SPI_IRQHandler)
    i.SW_IRQHandler                          0x000022b6   Section        0  interrupt.o(i.SW_IRQHandler)
    i.SYS_AnalogModuleClockCmd               0x000022b8   Section        0  snr8503x_sys.o(i.SYS_AnalogModuleClockCmd)
    i.SYS_ModuleClockCmd                     0x000022fc   Section        0  snr8503x_sys.o(i.SYS_ModuleClockCmd)
    i.SYS_SoftResetModule                    0x00002320   Section        0  snr8503x_sys.o(i.SYS_SoftResetModule)
    i.SoftDelay                              0x00002338   Section        0  hardware_init.o(i.SoftDelay)
    i.SysTick_Handler                        0x0000234a   Section        0  interrupt.o(i.SysTick_Handler)
    i.SystemInit                             0x0000234c   Section        0  hardware_init.o(i.SystemInit)
    i.TIMER0_IRQHandler                      0x00002354   Section        0  interrupt.o(i.TIMER0_IRQHandler)
    i.TIMER1_IRQHandler                      0x00002394   Section        0  interrupt.o(i.TIMER1_IRQHandler)
    i.TIM_TimerInit                          0x0000241c   Section        0  snr8503x_timer.o(i.TIM_TimerInit)
    i.TIM_TimerStrutInit                     0x000024c8   Section        0  snr8503x_timer.o(i.TIM_TimerStrutInit)
    i.Task_Scheduler                         0x000024fc   Section        0  main.o(i.Task_Scheduler)
    i.UART_IRQHandler                        0x00002568   Section        0  interrupt.o(i.UART_IRQHandler)
    i.UTimer_init                            0x0000256c   Section        0  hardware_init.o(i.UTimer_init)
    i.VSP_Control_Motor                      0x000025d0   Section        0  mc_drive.o(i.VSP_Control_Motor)
    i.Vol_protect                            0x000026d8   Section        0  protect.o(i.Vol_protect)
    i.WAKE_IRQHandler                        0x00002814   Section        0  interrupt.o(i.WAKE_IRQHandler)
    i.__ARM_common_switch8                   0x00002816   Section        0  mostest.o(i.__ARM_common_switch8)
    i.delay_init                             0x00002830   Section        0  delay.o(i.delay_init)
    i.delay_ms                               0x00002854   Section        0  delay.o(i.delay_ms)
    i.delay_us                               0x00002880   Section        0  delay.o(i.delay_us)
    i.delay_xms                              0x000028ac   Section        0  delay.o(i.delay_xms)
    i.main                                   0x000028d8   Section        0  main.o(i.main)
    i.procHander                             0x0000295c   Section        0  protect.o(i.procHander)
    i.sys_init                               0x0000297c   Section        0  system_init.o(i.sys_init)
    i.variable_reset                         0x0000299c   Section        0  global_variable.o(i.variable_reset)
    x$fpl$fmul                               0x00002a8c   Section      176  fmul.o(x$fpl$fmul)
    .constdata                               0x00002b3c   Section       10  global_variable.o(.constdata)
    x$fpl$usenofp                            0x00002b3c   Section        0  usenofp.o(x$fpl$usenofp)
    .constdata                               0x00002b48   Section       16  m1_statemachine.o(.constdata)
    .constdata                               0x00002b58   Section       28  m1_statemachine.o(.constdata)
    s_M1_STATE_RUN_TABLE                     0x00002b58   Data          28  m1_statemachine.o(.constdata)
    .constdata                               0x00002b74   Section       64  fdiv.o(.constdata)
    fdiv_tab                                 0x00002b74   Data          64  fdiv.o(.constdata)
    .data                                    0x20000000   Section        2  system_init.o(.data)
    cnt                                      0x20000000   Data           1  system_init.o(.data)
    key_flag                                 0x20000001   Data           1  system_init.o(.data)
    .data                                    0x20000002   Section       20  protect.o(.data)
    adjFilter1                               0x20000002   Data           2  protect.o(.data)
    LowVolatageCnt_fast                      0x20000004   Data           2  protect.o(.data)
    LowVolatageCnt_slow                      0x20000006   Data           2  protect.o(.data)
    Dis_UV_ProtectCnt                        0x20000008   Data           2  protect.o(.data)
    OvrVolatageCnt_fast                      0x2000000a   Data           2  protect.o(.data)
    Dis_OV_ProtectCnt_slow                   0x2000000c   Data           2  protect.o(.data)
    .data                                    0x20000016   Section        2  m1_statemachine.o(.data)
    .data                                    0x20000018   Section        2  speedramp.o(.data)
    DataReturn                               0x20000018   Data           2  speedramp.o(.data)
    .data                                    0x2000001c   Section       28  mc_drive.o(.data)
    i                                        0x2000001d   Data           1  mc_drive.o(.data)
    DataAccelerate                           0x2000001e   Data           1  mc_drive.o(.data)
    Err100ms_CNT                             0x2000001f   Data           1  mc_drive.o(.data)
    MotorErrTiems                            0x20000020   Data           1  mc_drive.o(.data)
    MotorErrStep                             0x20000021   Data           1  mc_drive.o(.data)
    MotorErrCNT                              0x20000022   Data           1  mc_drive.o(.data)
    cnt_led                                  0x20000023   Data           1  mc_drive.o(.data)
    CWCCW_IOInputCNT1                        0x20000024   Data           1  mc_drive.o(.data)
    CWCCW_IOInputCNT2                        0x20000025   Data           1  mc_drive.o(.data)
    RefDUTY                                  0x20000028   Data           4  mc_drive.o(.data)
    DesirdDuty                               0x2000002c   Data           4  mc_drive.o(.data)
    ReturnValue                              0x20000030   Data           4  mc_drive.o(.data)
    DutyValueIn                              0x20000034   Data           4  mc_drive.o(.data)
    .data                                    0x20000038   Section       31  comp_sensoeless.o(.data)
    j                                        0x20000038   Data           1  comp_sensoeless.o(.data)
    .data                                    0x20000058   Section        8  delay.o(.data)
    fac_us                                   0x20000058   Data           4  delay.o(.data)
    fac_ms                                   0x2000005c   Data           4  delay.o(.data)
    .data                                    0x20000060   Section        8  zero_detect.o(.data)
    .bss                                     0x20000068   Section      276  global_variable.o(.bss)
    .bss                                     0x2000017c   Section       32  mostest.o(.bss)
    .bss                                     0x2000019c   Section       32  speedramp.o(.bss)
    .bss                                     0x200001bc   Section       24  speedramp.o(.bss)
    .bss                                     0x200001d4   Section       32  speedramp.o(.bss)
    .bss                                     0x200001f4   Section       24  speedramp.o(.bss)
    .bss                                     0x2000020c   Section       72  pid.o(.bss)
    .bss                                     0x20000254   Section       96  libspace.o(.bss)
    HEAP                                     0x200002b8   Section      512  startup_snr8503x.o(HEAP)
    Heap_Mem                                 0x200002b8   Data         512  startup_snr8503x.o(HEAP)
    STACK                                    0x200004b8   Section       80  startup_snr8503x.o(STACK)
    Stack_Mem                                0x200004b8   Data          80  startup_snr8503x.o(STACK)
    __initial_sp                             0x20000508   Data           0  startup_snr8503x.o(STACK)

    Global Symbols

    Symbol Name                              Value     Ov Type        Size  Object(Section)

    BuildAttributes$$THM_ISAv3M$S$PE$A:L22$X:L11$S22$IEEE1$IW$USESV6$~STKCKD$USESV7$~SHL$OSPACE$ROPI$EBA8$UX$STANDARDLIB$REQ8$PRES8$EABIv2 0x00000000   Number         0  anon$$obj.o ABSOLUTE
    __ARM_use_no_argv                        0x00000000   Number         0  main.o ABSOLUTE
    __Vectors                                0x00000000   Data           4  startup_snr8503x.o(RESET)
    __ARM_exceptions_init                     - Undefined Weak Reference
    __alloca_initialize                       - Undefined Weak Reference
    __arm_preinit_                            - Undefined Weak Reference
    __cpp_initialize__aeabi_                  - Undefined Weak Reference
    __cxa_finalize                            - Undefined Weak Reference
    __rt_locale                               - Undefined Weak Reference
    __sigvec_lookup                           - Undefined Weak Reference
    _atexit_init                              - Undefined Weak Reference
    _call_atexit_fns                          - Undefined Weak Reference
    _clock_init                               - Undefined Weak Reference
    _fp_trap_init                             - Undefined Weak Reference
    _fp_trap_shutdown                         - Undefined Weak Reference
    _get_lc_collate                           - Undefined Weak Reference
    _get_lc_ctype                             - Undefined Weak Reference
    _get_lc_monetary                          - Undefined Weak Reference
    _get_lc_numeric                           - Undefined Weak Reference
    _get_lc_time                              - Undefined Weak Reference
    _getenv_init                              - Undefined Weak Reference
    _handle_redirection                       - Undefined Weak Reference
    _init_alloc                               - Undefined Weak Reference
    _init_user_alloc                          - Undefined Weak Reference
    _initio                                   - Undefined Weak Reference
    _rand_init                                - Undefined Weak Reference
    _signal_finish                            - Undefined Weak Reference
    _signal_init                              - Undefined Weak Reference
    _terminate_alloc                          - Undefined Weak Reference
    _terminate_user_alloc                     - Undefined Weak Reference
    _terminateio                              - Undefined Weak Reference
    __Vectors_End                            0x000000c0   Data           0  startup_snr8503x.o(RESET)
    __Vectors_Size                           0x000000c0   Number         0  startup_snr8503x.o ABSOLUTE
    __main                                   0x000000c1   Thumb Code     8  __main.o(!!!main)
    __scatterload                            0x000000c9   Thumb Code     0  __scatter.o(!!!scatter)
    __scatterload_rt2                        0x000000c9   Thumb Code    52  __scatter.o(!!!scatter)
    __scatterload_rt2_thumb_only             0x000000c9   Thumb Code     0  __scatter.o(!!!scatter)
    __scatterload_null                       0x000000d9   Thumb Code     0  __scatter.o(!!!scatter)
    __scatterload_copy                       0x00000105   Thumb Code    26  __scatter_copy.o(!!handler_copy)
    __scatterload_zeroinit                   0x00000121   Thumb Code    28  __scatter_zi.o(!!handler_zi)
    __rt_lib_init                            0x0000013d   Thumb Code     0  libinit.o(.ARM.Collect$$libinit$$00000000)
    __rt_lib_init_alloca_1                   0x0000013f   Thumb Code     0  libinit2.o(.ARM.Collect$$libinit$$0000002E)
    __rt_lib_init_argv_1                     0x0000013f   Thumb Code     0  libinit2.o(.ARM.Collect$$libinit$$0000002C)
    __rt_lib_init_atexit_1                   0x0000013f   Thumb Code     0  libinit2.o(.ARM.Collect$$libinit$$0000001B)
    __rt_lib_init_clock_1                    0x0000013f   Thumb Code     0  libinit2.o(.ARM.Collect$$libinit$$00000021)
    __rt_lib_init_cpp_1                      0x0000013f   Thumb Code     0  libinit2.o(.ARM.Collect$$libinit$$00000032)
    __rt_lib_init_exceptions_1               0x0000013f   Thumb Code     0  libinit2.o(.ARM.Collect$$libinit$$00000030)
    __rt_lib_init_fp_1                       0x0000013f   Thumb Code     0  libinit2.o(.ARM.Collect$$libinit$$00000002)
    __rt_lib_init_fp_trap_1                  0x0000013f   Thumb Code     0  libinit2.o(.ARM.Collect$$libinit$$0000001F)
    __rt_lib_init_getenv_1                   0x0000013f   Thumb Code     0  libinit2.o(.ARM.Collect$$libinit$$00000023)
    __rt_lib_init_heap_1                     0x0000013f   Thumb Code     0  libinit2.o(.ARM.Collect$$libinit$$0000000A)
    __rt_lib_init_lc_collate_1               0x0000013f   Thumb Code     0  libinit2.o(.ARM.Collect$$libinit$$00000011)
    __rt_lib_init_lc_ctype_1                 0x0000013f   Thumb Code     0  libinit2.o(.ARM.Collect$$libinit$$00000013)
    __rt_lib_init_lc_monetary_1              0x0000013f   Thumb Code     0  libinit2.o(.ARM.Collect$$libinit$$00000015)
    __rt_lib_init_lc_numeric_1               0x0000013f   Thumb Code     0  libinit2.o(.ARM.Collect$$libinit$$00000017)
    __rt_lib_init_lc_time_1                  0x0000013f   Thumb Code     0  libinit2.o(.ARM.Collect$$libinit$$00000019)
    __rt_lib_init_preinit_1                  0x0000013f   Thumb Code     0  libinit2.o(.ARM.Collect$$libinit$$00000004)
    __rt_lib_init_rand_1                     0x0000013f   Thumb Code     0  libinit2.o(.ARM.Collect$$libinit$$0000000E)
    __rt_lib_init_return                     0x0000013f   Thumb Code     0  libinit2.o(.ARM.Collect$$libinit$$00000033)
    __rt_lib_init_signal_1                   0x0000013f   Thumb Code     0  libinit2.o(.ARM.Collect$$libinit$$0000001D)
    __rt_lib_init_stdio_1                    0x0000013f   Thumb Code     0  libinit2.o(.ARM.Collect$$libinit$$00000025)
    __rt_lib_init_user_alloc_1               0x0000013f   Thumb Code     0  libinit2.o(.ARM.Collect$$libinit$$0000000C)
    __rt_lib_shutdown                        0x00000141   Thumb Code     0  libshutdown.o(.ARM.Collect$$libshutdown$$00000000)
    __rt_lib_shutdown_cpp_1                  0x00000143   Thumb Code     0  libshutdown2.o(.ARM.Collect$$libshutdown$$00000002)
    __rt_lib_shutdown_fp_trap_1              0x00000143   Thumb Code     0  libshutdown2.o(.ARM.Collect$$libshutdown$$00000007)
    __rt_lib_shutdown_heap_1                 0x00000143   Thumb Code     0  libshutdown2.o(.ARM.Collect$$libshutdown$$0000000F)
    __rt_lib_shutdown_return                 0x00000143   Thumb Code     0  libshutdown2.o(.ARM.Collect$$libshutdown$$00000010)
    __rt_lib_shutdown_signal_1               0x00000143   Thumb Code     0  libshutdown2.o(.ARM.Collect$$libshutdown$$0000000A)
    __rt_lib_shutdown_stdio_1                0x00000143   Thumb Code     0  libshutdown2.o(.ARM.Collect$$libshutdown$$00000004)
    __rt_lib_shutdown_user_alloc_1           0x00000143   Thumb Code     0  libshutdown2.o(.ARM.Collect$$libshutdown$$0000000C)
    __rt_entry                               0x00000145   Thumb Code     0  __rtentry.o(.ARM.Collect$$rtentry$$00000000)
    __rt_entry_presh_1                       0x00000145   Thumb Code     0  __rtentry2.o(.ARM.Collect$$rtentry$$00000002)
    __rt_entry_sh                            0x00000145   Thumb Code     0  __rtentry4.o(.ARM.Collect$$rtentry$$00000004)
    __rt_entry_li                            0x0000014b   Thumb Code     0  __rtentry2.o(.ARM.Collect$$rtentry$$0000000A)
    __rt_entry_postsh_1                      0x0000014b   Thumb Code     0  __rtentry2.o(.ARM.Collect$$rtentry$$00000009)
    __rt_entry_main                          0x0000014f   Thumb Code     0  __rtentry2.o(.ARM.Collect$$rtentry$$0000000D)
    __rt_entry_postli_1                      0x0000014f   Thumb Code     0  __rtentry2.o(.ARM.Collect$$rtentry$$0000000C)
    __rt_exit                                0x00000157   Thumb Code     0  rtexit.o(.ARM.Collect$$rtexit$$00000000)
    __rt_exit_ls                             0x00000159   Thumb Code     0  rtexit2.o(.ARM.Collect$$rtexit$$00000003)
    __rt_exit_prels_1                        0x00000159   Thumb Code     0  rtexit2.o(.ARM.Collect$$rtexit$$00000002)
    __rt_exit_exit                           0x0000015d   Thumb Code     0  rtexit2.o(.ARM.Collect$$rtexit$$00000004)
    Reset_Handler                            0x00000165   Thumb Code    14  startup_snr8503x.o(.text)
    NMI_Handler                              0x00000173   Thumb Code     2  startup_snr8503x.o(.text)
    HardFault_Handler                        0x00000175   Thumb Code     2  startup_snr8503x.o(.text)
    SVC_Handler                              0x00000177   Thumb Code     2  startup_snr8503x.o(.text)
    PendSV_Handler                           0x00000179   Thumb Code     2  startup_snr8503x.o(.text)
    __user_initial_stackheap                 0x00000181   Thumb Code     0  startup_snr8503x.o(.text)
    _memset_w                                0x000001a9   Thumb Code    26  rt_memclr.o(.text)
    _memset                                  0x000001c3   Thumb Code    30  rt_memclr.o(.text)
    __aeabi_memclr                           0x000001e1   Thumb Code     4  rt_memclr.o(.text)
    __rt_memclr                              0x000001e1   Thumb Code     0  rt_memclr.o(.text)
    __aeabi_memclr4                          0x000001e5   Thumb Code     0  rt_memclr.o(.text)
    __aeabi_memclr8                          0x000001e5   Thumb Code     0  rt_memclr.o(.text)
    __rt_memclr_w                            0x000001e5   Thumb Code     4  rt_memclr.o(.text)
    __aeabi_uidiv                            0x000001e9   Thumb Code     0  aeabi_sdiv.o(.text)
    __aeabi_uidivmod                         0x000001e9   Thumb Code    20  aeabi_sdiv.o(.text)
    __aeabi_idiv                             0x000001fd   Thumb Code     0  aeabi_sdiv.o(.text)
    __aeabi_idivmod                          0x000001fd   Thumb Code   326  aeabi_sdiv.o(.text)
    __use_two_region_memory                  0x00000343   Thumb Code     2  heapauxi.o(.text)
    __rt_heap_escrow$2region                 0x00000345   Thumb Code     2  heapauxi.o(.text)
    __rt_heap_expand$2region                 0x00000347   Thumb Code     2  heapauxi.o(.text)
    __aeabi_fdiv                             0x00000349   Thumb Code     0  fdiv.o(.text)
    _fdiv                                    0x00000349   Thumb Code   334  fdiv.o(.text)
    _frdiv                                   0x00000497   Thumb Code     8  fdiv.o(.text)
    __aeabi_f2uiz                            0x000004a9   Thumb Code     0  ffixui.o(.text)
    _ffixu                                   0x000004a9   Thumb Code    48  ffixui.o(.text)
    __aeabi_i2f_normalise                    0x000004d9   Thumb Code    72  fflti.o(.text)
    __aeabi_i2f                              0x00000521   Thumb Code    16  fflti.o(.text)
    _fflt                                    0x00000521   Thumb Code     0  fflti.o(.text)
    __aeabi_ui2f                             0x00000531   Thumb Code     6  fflti.o(.text)
    _ffltu                                   0x00000531   Thumb Code     0  fflti.o(.text)
    __user_setup_stackheap                   0x00000537   Thumb Code    62  sys_stackheap_outer.o(.text)
    exit                                     0x00000575   Thumb Code    16  exit.o(.text)
    __user_libspace                          0x00000585   Thumb Code     8  libspace.o(.text)
    __user_perproc_libspace                  0x00000585   Thumb Code     0  libspace.o(.text)
    __user_perthread_libspace                0x00000585   Thumb Code     0  libspace.o(.text)
    _sys_exit                                0x0000058d   Thumb Code     8  sys_exit.o(.text)
    __I$use$semihosting                      0x00000599   Thumb Code     0  use_no_semi.o(.text)
    __use_no_semihosting_swi                 0x00000599   Thumb Code     2  use_no_semi.o(.text)
    __semihosting_library_function           0x0000059b   Thumb Code     0  indicate_semi.o(.text)
    ADC_IRQHandler                           0x0000059d   Thumb Code    46  interrupt.o(i.ADC_IRQHandler)
    ADC_Init                                 0x000005d9   Thumb Code   132  snr8503x_adc.o(i.ADC_Init)
    ADC_StructInit                           0x00000669   Thumb Code    34  snr8503x_adc.o(i.ADC_StructInit)
    ADC_init                                 0x0000068d   Thumb Code    76  hardware_init.o(i.ADC_init)
    BLDC_Brake                               0x000006e5   Thumb Code    46  mc_drive.o(i.BLDC_Brake)
    BLDC_COMP_Input_Only                     0x00000725   Thumb Code    68  mc_drive.o(i.BLDC_COMP_Input_Only)
    BLDC_Communication                       0x0000077d   Thumb Code   126  mc_drive.o(i.BLDC_Communication)
    BLDC_Stop                                0x00000825   Thumb Code    24  mc_drive.o(i.BLDC_Stop)
    BLDC_init                                0x00000841   Thumb Code    36  zero_detect.o(i.BLDC_init)
    CMP_IRQHandler                           0x00000869   Thumb Code    82  interrupt.o(i.CMP_IRQHandler)
    CMP_Init                                 0x000008d1   Thumb Code   206  snr8503x_cmp.o(i.CMP_Init)
    CMP_SNS_Motor_Align                      0x000009b1   Thumb Code   152  comp_sensoeless.o(i.CMP_SNS_Motor_Align)
    CMP_SNS_Motor_AutoCommutation            0x00000a69   Thumb Code   268  comp_sensoeless.o(i.CMP_SNS_Motor_AutoCommutation)
    CMP_StructInit                           0x00000b8d   Thumb Code    62  snr8503x_cmp.o(i.CMP_StructInit)
    CMP_init                                 0x00000bcb   Thumb Code    68  hardware_init.o(i.CMP_init)
    COMP_Motor_Zero_Detect                   0x00000c11   Thumb Code    58  zero_detect.o(i.COMP_Motor_Zero_Detect)
    CWCCW_PowerOn                            0x00000c51   Thumb Code    18  mc_drive.o(i.CWCCW_PowerOn)
    CWCCW_ReadIO                             0x00000c6d   Thumb Code    76  mc_drive.o(i.CWCCW_ReadIO)
    CalcGraudNormalizationData               0x00000cc1   Thumb Code    62  speedramp.o(i.CalcGraudNormalizationData)
    CalcNormalization                        0x00000d05   Thumb Code    98  speedramp.o(i.CalcNormalization)
    CalcPI                                   0x00000d67   Thumb Code    56  pid.o(i.CalcPI)
    Clock_Init                               0x00000da1   Thumb Code    46  hardware_init.o(i.Clock_Init)
    CurrentOffsetCalibration                 0x00000de1   Thumb Code   180  system_init.o(i.CurrentOffsetCalibration)
    Current_Limit                            0x00000ead   Thumb Code    42  protect.o(i.Current_Limit)
    DAC_OutputValue                          0x00000ee1   Thumb Code    60  hardware_init.o(i.DAC_OutputValue)
    DAC_init                                 0x00000f1d   Thumb Code    18  hardware_init.o(i.DAC_init)
    DC_offset_protect                        0x00000f31   Thumb Code    52  system_init.o(i.DC_offset_protect)
    DMA_IRQHandler                           0x00000f79   Thumb Code     8  interrupt.o(i.DMA_IRQHandler)
    Digital_Value_Getting                    0x00000f85   Thumb Code    94  interrupt.o(i.Digital_Value_Getting)
    Freerun_Zero_Detect                      0x00000fed   Thumb Code    70  zero_detect.o(i.Freerun_Zero_Detect)
    GPIO_IRQHandler                          0x00001039   Thumb Code    14  interrupt.o(i.GPIO_IRQHandler)
    GPIO_Init                                0x0000104d   Thumb Code   116  snr8503x_gpio.o(i.GPIO_Init)
    GPIO_PinAFConfig                         0x000010c1   Thumb Code   202  snr8503x_gpio.o(i.GPIO_PinAFConfig)
    GPIO_ReadInputDataBit                    0x00001195   Thumb Code    14  snr8503x_gpio.o(i.GPIO_ReadInputDataBit)
    GPIO_StructInit                          0x000011a3   Thumb Code    12  snr8503x_gpio.o(i.GPIO_StructInit)
    GPIO_WriteBit                            0x000011af   Thumb Code    12  snr8503x_gpio.o(i.GPIO_WriteBit)
    GPIO_init                                0x000011bd   Thumb Code   202  hardware_init.o(i.GPIO_init)
    HALL_IRQHandler                          0x0000128d   Thumb Code    14  interrupt.o(i.HALL_IRQHandler)
    Hardware_init                            0x000012a1   Thumb Code   160  hardware_init.o(i.Hardware_init)
    I2C_IRQHandler                           0x0000134d   Thumb Code     2  interrupt.o(i.I2C_IRQHandler)
    INIT_FreerunDetect                       0x00001351   Thumb Code    88  comp_sensoeless.o(i.INIT_FreerunDetect)
    IWDG_DISABLE                             0x000013b9   Thumb Code    10  snr8503x_iwdg.o(i.IWDG_DISABLE)
    InitNormalization                        0x000013c9   Thumb Code    46  speedramp.o(i.InitNormalization)
    InitPI                                   0x000013f9   Thumb Code    56  pid.o(i.InitPI)
    Init_Parameter                           0x0000143d   Thumb Code   246  global_variable.o(i.Init_Parameter)
    M1M1_Fault                               0x00001555   Thumb Code    38  m1_statemachine.o(i.M1M1_Fault)
    MCPWM0_IRQHandler                        0x00001681   Thumb Code    44  interrupt.o(i.MCPWM0_IRQHandler)
    MCPWM1_IRQHandler                        0x000016c1   Thumb Code     2  interrupt.o(i.MCPWM1_IRQHandler)
    MCPWM_Init                               0x000016c5   Thumb Code   622  snr8503x_mcpwm.o(i.MCPWM_Init)
    MCPWM_StructInit                         0x00001941   Thumb Code    10  snr8503x_mcpwm.o(i.MCPWM_StructInit)
    MCPWM_init                               0x0000194d   Thumb Code   154  hardware_init.o(i.MCPWM_init)
    MOS_Check_Step                           0x000019fd   Thumb Code   136  mostest.o(i.MOS_Check_Step)
    MOS_TEMP_protect                         0x00001aa9   Thumb Code   126  protect.o(i.MOS_TEMP_protect)
    MosTest                                  0x00001b45   Thumb Code   222  mostest.o(i.MosTest)
    Motor_Block_Protect                      0x00001c45   Thumb Code   154  protect.o(i.Motor_Block_Protect)
    Motor_Freerun_Detect                     0x00001cf1   Thumb Code   400  comp_sensoeless.o(i.Motor_Freerun_Detect)
    Motor_LED_DISP                           0x00001ead   Thumb Code    80  mc_drive.o(i.Motor_LED_DISP)
    Motor_LED_Error                          0x00001f0d   Thumb Code   210  mc_drive.o(i.Motor_LED_Error)
    Multiplex_SWD                            0x00001fed   Thumb Code    20  system_init.o(i.Multiplex_SWD)
    Multiplex_nRST                           0x00002009   Thumb Code    20  system_init.o(i.Multiplex_nRST)
    OVER_current_protect                     0x00002081   Thumb Code   144  protect.o(i.OVER_current_protect)
    PGA_init                                 0x0000212d   Thumb Code    28  hardware_init.o(i.PGA_init)
    PGEN                                     0x00002151   Thumb Code    54  system_init.o(i.PGEN)
    PWMOutputs                               0x00002191   Thumb Code    30  snr8503x_mcpwm.o(i.PWMOutputs)
    PWON_PGEN                                0x000021bd   Thumb Code    20  system_init.o(i.PWON_PGEN)
    PiCurrentLimitPWMDuty                    0x000021d5   Thumb Code    84  mc_drive.o(i.PiCurrentLimitPWMDuty)
    Read_Trim                                0x00002239   Thumb Code    90  lks32mc03x_nvr.o(i.Read_Trim)
    SET_SWD                                  0x00002299   Thumb Code    20  system_init.o(i.SET_SWD)
    SPI_IRQHandler                           0x000022b5   Thumb Code     2  interrupt.o(i.SPI_IRQHandler)
    SW_IRQHandler                            0x000022b7   Thumb Code     2  interrupt.o(i.SW_IRQHandler)
    SYS_AnalogModuleClockCmd                 0x000022b9   Thumb Code    58  snr8503x_sys.o(i.SYS_AnalogModuleClockCmd)
    SYS_ModuleClockCmd                       0x000022fd   Thumb Code    26  snr8503x_sys.o(i.SYS_ModuleClockCmd)
    SYS_SoftResetModule                      0x00002321   Thumb Code    16  snr8503x_sys.o(i.SYS_SoftResetModule)
    SoftDelay                                0x00002339   Thumb Code    18  hardware_init.o(i.SoftDelay)
    SysTick_Handler                          0x0000234b   Thumb Code     2  interrupt.o(i.SysTick_Handler)
    SystemInit                               0x0000234d   Thumb Code     8  hardware_init.o(i.SystemInit)
    TIMER0_IRQHandler                        0x00002355   Thumb Code    52  interrupt.o(i.TIMER0_IRQHandler)
    TIMER1_IRQHandler                        0x00002395   Thumb Code   120  interrupt.o(i.TIMER1_IRQHandler)
    TIM_TimerInit                            0x0000241d   Thumb Code   162  snr8503x_timer.o(i.TIM_TimerInit)
    TIM_TimerStrutInit                       0x000024c9   Thumb Code    52  snr8503x_timer.o(i.TIM_TimerStrutInit)
    Task_Scheduler                           0x000024fd   Thumb Code    90  main.o(i.Task_Scheduler)
    UART_IRQHandler                          0x00002569   Thumb Code     2  interrupt.o(i.UART_IRQHandler)
    UTimer_init                              0x0000256d   Thumb Code    88  hardware_init.o(i.UTimer_init)
    VSP_Control_Motor                        0x000025d1   Thumb Code   232  mc_drive.o(i.VSP_Control_Motor)
    Vol_protect                              0x000026d9   Thumb Code   278  protect.o(i.Vol_protect)
    WAKE_IRQHandler                          0x00002815   Thumb Code     2  interrupt.o(i.WAKE_IRQHandler)
    __ARM_common_switch8                     0x00002817   Thumb Code    26  mostest.o(i.__ARM_common_switch8)
    delay_init                               0x00002831   Thumb Code    28  delay.o(i.delay_init)
    delay_ms                                 0x00002855   Thumb Code    44  delay.o(i.delay_ms)
    delay_us                                 0x00002881   Thumb Code    34  delay.o(i.delay_us)
    delay_xms                                0x000028ad   Thumb Code    34  delay.o(i.delay_xms)
    main                                     0x000028d9   Thumb Code   106  main.o(i.main)
    procHander                               0x0000295d   Thumb Code    28  protect.o(i.procHander)
    sys_init                                 0x0000297d   Thumb Code    24  system_init.o(i.sys_init)
    variable_reset                           0x0000299d   Thumb Code   204  global_variable.o(i.variable_reset)
    __aeabi_fmul                             0x00002a8d   Thumb Code     0  fmul.o(x$fpl$fmul)
    _fmul                                    0x00002a8d   Thumb Code   172  fmul.o(x$fpl$fmul)
    __I$use$fp                               0x00002b3c   Number         0  usenofp.o(x$fpl$usenofp)
    sVersion                                 0x00002b3c   Data          10  global_variable.o(.constdata)
    sM1_STATE                                0x00002b48   Data          16  m1_statemachine.o(.constdata)
    Region$$Table$$Base                      0x00002bb4   Number         0  anon$$obj.o(Region$$Table)
    Region$$Table$$Limit                     0x00002bd4   Number         0  anon$$obj.o(Region$$Table)
    Over_MOStemp_Cnt                         0x2000000e   Data           2  protect.o(.data)
    RSM_Over_MOStemp_Cnt                     0x20000010   Data           2  protect.o(.data)
    over_current_time1                       0x20000012   Data           2  protect.o(.data)
    over_current_time2                       0x20000014   Data           2  protect.o(.data)
    e1M1_MainState                           0x20000016   Data           1  m1_statemachine.o(.data)
    e1M1_RunSubState                         0x20000017   Data           1  m1_statemachine.o(.data)
    CWCCW_bIOInput                           0x2000001c   Data           1  mc_drive.o(.data)
    CMP_PhaseTab                             0x20000039   Data           6  comp_sensoeless.o(.data)
    Motor_step_tab_cw                        0x2000003f   Data           6  comp_sensoeless.o(.data)
    Motor_step_tab_ccw                       0x20000045   Data           6  comp_sensoeless.o(.data)
    phase_rise_tab_cw                        0x2000004b   Data           6  comp_sensoeless.o(.data)
    phase_rise_tab_ccw                       0x20000051   Data           6  comp_sensoeless.o(.data)
    BLDC_1                                   0x20000060   Data           4  zero_detect.o(.data)
    BLDC_BUFF                                0x20000064   Data           4  zero_detect.o(.data)
    CMP_ZeroCross_lib                        0x20000068   Data          32  global_variable.o(.bss)
    Motor_1M1st                              0x20000088   Data         176  global_variable.o(.bss)
    User_sys                                 0x20000138   Data          68  global_variable.o(.bss)
    MOS_Selftest                             0x2000017c   Data          32  mostest.o(.bss)
    RP                                       0x2000019c   Data          32  speedramp.o(.bss)
    RPValue                                  0x200001bc   Data          24  speedramp.o(.bss)
    SPEED_Cmd                                0x200001d4   Data          32  speedramp.o(.bss)
    SPEEDValue                               0x200001f4   Data          24  speedramp.o(.bss)
    PIParmIevg                               0x2000020c   Data          36  pid.o(.bss)
    PIParmS                                  0x20000230   Data          36  pid.o(.bss)
    __libspace_start                         0x20000254   Data          96  libspace.o(.bss)
    __temporary_stack_top$libspace           0x200002b4   Data           0  libspace.o(.bss)



==============================================================================

Memory Map of the image

  Image Entry point : 0x000000c1

  Load Region LR_IROM1 (Base: 0x00000000, Size: 0x00002c3c, Max: 0x00040000, ABSOLUTE)

    Execution Region ER_IROM1 (Exec base: 0x00000000, Load base: 0x00000000, Size: 0x00002bd4, Max: 0x00040000, ABSOLUTE)

    Exec Addr    Load Addr    Size         Type   Attr      Idx    E Section Name        Object

    0x00000000   0x00000000   0x000000c0   Data   RO         1456    RESET               startup_snr8503x.o
    0x000000c0   0x000000c0   0x00000008   Code   RO         1838  * !!!main             c_p.l(__main.o)
    0x000000c8   0x000000c8   0x0000003c   Code   RO         2021    !!!scatter          c_p.l(__scatter.o)
    0x00000104   0x00000104   0x0000001a   Code   RO         2023    !!handler_copy      c_p.l(__scatter_copy.o)
    0x0000011e   0x0000011e   0x00000002   PAD
    0x00000120   0x00000120   0x0000001c   Code   RO         2025    !!handler_zi        c_p.l(__scatter_zi.o)
    0x0000013c   0x0000013c   0x00000002   Code   RO         1890    .ARM.Collect$$libinit$$00000000  c_p.l(libinit.o)
    0x0000013e   0x0000013e   0x00000000   Code   RO         1904    .ARM.Collect$$libinit$$00000002  c_p.l(libinit2.o)
    0x0000013e   0x0000013e   0x00000000   Code   RO         1906    .ARM.Collect$$libinit$$00000004  c_p.l(libinit2.o)
    0x0000013e   0x0000013e   0x00000000   Code   RO         1909    .ARM.Collect$$libinit$$0000000A  c_p.l(libinit2.o)
    0x0000013e   0x0000013e   0x00000000   Code   RO         1911    .ARM.Collect$$libinit$$0000000C  c_p.l(libinit2.o)
    0x0000013e   0x0000013e   0x00000000   Code   RO         1913    .ARM.Collect$$libinit$$0000000E  c_p.l(libinit2.o)
    0x0000013e   0x0000013e   0x00000000   Code   RO         1916    .ARM.Collect$$libinit$$00000011  c_p.l(libinit2.o)
    0x0000013e   0x0000013e   0x00000000   Code   RO         1918    .ARM.Collect$$libinit$$00000013  c_p.l(libinit2.o)
    0x0000013e   0x0000013e   0x00000000   Code   RO         1920    .ARM.Collect$$libinit$$00000015  c_p.l(libinit2.o)
    0x0000013e   0x0000013e   0x00000000   Code   RO         1922    .ARM.Collect$$libinit$$00000017  c_p.l(libinit2.o)
    0x0000013e   0x0000013e   0x00000000   Code   RO         1924    .ARM.Collect$$libinit$$00000019  c_p.l(libinit2.o)
    0x0000013e   0x0000013e   0x00000000   Code   RO         1926    .ARM.Collect$$libinit$$0000001B  c_p.l(libinit2.o)
    0x0000013e   0x0000013e   0x00000000   Code   RO         1928    .ARM.Collect$$libinit$$0000001D  c_p.l(libinit2.o)
    0x0000013e   0x0000013e   0x00000000   Code   RO         1930    .ARM.Collect$$libinit$$0000001F  c_p.l(libinit2.o)
    0x0000013e   0x0000013e   0x00000000   Code   RO         1932    .ARM.Collect$$libinit$$00000021  c_p.l(libinit2.o)
    0x0000013e   0x0000013e   0x00000000   Code   RO         1934    .ARM.Collect$$libinit$$00000023  c_p.l(libinit2.o)
    0x0000013e   0x0000013e   0x00000000   Code   RO         1936    .ARM.Collect$$libinit$$00000025  c_p.l(libinit2.o)
    0x0000013e   0x0000013e   0x00000000   Code   RO         1940    .ARM.Collect$$libinit$$0000002C  c_p.l(libinit2.o)
    0x0000013e   0x0000013e   0x00000000   Code   RO         1942    .ARM.Collect$$libinit$$0000002E  c_p.l(libinit2.o)
    0x0000013e   0x0000013e   0x00000000   Code   RO         1944    .ARM.Collect$$libinit$$00000030  c_p.l(libinit2.o)
    0x0000013e   0x0000013e   0x00000000   Code   RO         1946    .ARM.Collect$$libinit$$00000032  c_p.l(libinit2.o)
    0x0000013e   0x0000013e   0x00000002   Code   RO         1947    .ARM.Collect$$libinit$$00000033  c_p.l(libinit2.o)
    0x00000140   0x00000140   0x00000002   Code   RO         1978    .ARM.Collect$$libshutdown$$00000000  c_p.l(libshutdown.o)
    0x00000142   0x00000142   0x00000000   Code   RO         2004    .ARM.Collect$$libshutdown$$00000002  c_p.l(libshutdown2.o)
    0x00000142   0x00000142   0x00000000   Code   RO         2006    .ARM.Collect$$libshutdown$$00000004  c_p.l(libshutdown2.o)
    0x00000142   0x00000142   0x00000000   Code   RO         2009    .ARM.Collect$$libshutdown$$00000007  c_p.l(libshutdown2.o)
    0x00000142   0x00000142   0x00000000   Code   RO         2012    .ARM.Collect$$libshutdown$$0000000A  c_p.l(libshutdown2.o)
    0x00000142   0x00000142   0x00000000   Code   RO         2014    .ARM.Collect$$libshutdown$$0000000C  c_p.l(libshutdown2.o)
    0x00000142   0x00000142   0x00000000   Code   RO         2017    .ARM.Collect$$libshutdown$$0000000F  c_p.l(libshutdown2.o)
    0x00000142   0x00000142   0x00000002   Code   RO         2018    .ARM.Collect$$libshutdown$$00000010  c_p.l(libshutdown2.o)
    0x00000144   0x00000144   0x00000000   Code   RO         1853    .ARM.Collect$$rtentry$$00000000  c_p.l(__rtentry.o)
    0x00000144   0x00000144   0x00000000   Code   RO         1860    .ARM.Collect$$rtentry$$00000002  c_p.l(__rtentry2.o)
    0x00000144   0x00000144   0x00000006   Code   RO         1872    .ARM.Collect$$rtentry$$00000004  c_p.l(__rtentry4.o)
    0x0000014a   0x0000014a   0x00000000   Code   RO         1862    .ARM.Collect$$rtentry$$00000009  c_p.l(__rtentry2.o)
    0x0000014a   0x0000014a   0x00000004   Code   RO         1863    .ARM.Collect$$rtentry$$0000000A  c_p.l(__rtentry2.o)
    0x0000014e   0x0000014e   0x00000000   Code   RO         1865    .ARM.Collect$$rtentry$$0000000C  c_p.l(__rtentry2.o)
    0x0000014e   0x0000014e   0x00000008   Code   RO         1866    .ARM.Collect$$rtentry$$0000000D  c_p.l(__rtentry2.o)
    0x00000156   0x00000156   0x00000002   Code   RO         1895    .ARM.Collect$$rtexit$$00000000  c_p.l(rtexit.o)
    0x00000158   0x00000158   0x00000000   Code   RO         1951    .ARM.Collect$$rtexit$$00000002  c_p.l(rtexit2.o)
    0x00000158   0x00000158   0x00000004   Code   RO         1952    .ARM.Collect$$rtexit$$00000003  c_p.l(rtexit2.o)
    0x0000015c   0x0000015c   0x00000006   Code   RO         1953    .ARM.Collect$$rtexit$$00000004  c_p.l(rtexit2.o)
    0x00000162   0x00000162   0x00000002   PAD
    0x00000164   0x00000164   0x00000044   Code   RO         1457    .text               startup_snr8503x.o
    0x000001a8   0x000001a8   0x00000040   Code   RO         1830    .text               c_p.l(rt_memclr.o)
    0x000001e8   0x000001e8   0x0000015a   Code   RO         1832    .text               c_p.l(aeabi_sdiv.o)
    0x00000342   0x00000342   0x00000006   Code   RO         1836    .text               c_p.l(heapauxi.o)
    0x00000348   0x00000348   0x00000160   Code   RO         1842    .text               fz_ps.l(fdiv.o)
    0x000004a8   0x000004a8   0x00000030   Code   RO         1847    .text               fz_ps.l(ffixui.o)
    0x000004d8   0x000004d8   0x0000005e   Code   RO         1849    .text               fz_ps.l(fflti.o)
    0x00000536   0x00000536   0x0000003e   Code   RO         1876    .text               c_p.l(sys_stackheap_outer.o)
    0x00000574   0x00000574   0x00000010   Code   RO         1879    .text               c_p.l(exit.o)
    0x00000584   0x00000584   0x00000008   Code   RO         1891    .text               c_p.l(libspace.o)
    0x0000058c   0x0000058c   0x0000000c   Code   RO         1948    .text               c_p.l(sys_exit.o)
    0x00000598   0x00000598   0x00000002   Code   RO         1967    .text               c_p.l(use_no_semi.o)
    0x0000059a   0x0000059a   0x00000000   Code   RO         1969    .text               c_p.l(indicate_semi.o)
    0x0000059a   0x0000059a   0x00000002   PAD
    0x0000059c   0x0000059c   0x0000003c   Code   RO          435    i.ADC_IRQHandler    interrupt.o
    0x000005d8   0x000005d8   0x00000090   Code   RO          928    i.ADC_Init          snr8503x_adc.o
    0x00000668   0x00000668   0x00000022   Code   RO          929    i.ADC_StructInit    snr8503x_adc.o
    0x0000068a   0x0000068a   0x00000002   PAD
    0x0000068c   0x0000068c   0x00000058   Code   RO            1    i.ADC_init          hardware_init.o
    0x000006e4   0x000006e4   0x00000040   Code   RO          673    i.BLDC_Brake        mc_drive.o
    0x00000724   0x00000724   0x00000058   Code   RO          674    i.BLDC_COMP_Input_Only  mc_drive.o
    0x0000077c   0x0000077c   0x000000a8   Code   RO          675    i.BLDC_Communication  mc_drive.o
    0x00000824   0x00000824   0x0000001c   Code   RO          676    i.BLDC_Stop         mc_drive.o
    0x00000840   0x00000840   0x00000028   Code   RO         1779    i.BLDC_init         SNR_BLDC_SNLS_V1p0.lib(zero_detect.o)
    0x00000868   0x00000868   0x00000068   Code   RO          436    i.CMP_IRQHandler    interrupt.o
    0x000008d0   0x000008d0   0x000000e0   Code   RO          950    i.CMP_Init          snr8503x_cmp.o
    0x000009b0   0x000009b0   0x000000b8   Code   RO          851    i.CMP_SNS_Motor_Align  comp_sensoeless.o
    0x00000a68   0x00000a68   0x00000124   Code   RO          852    i.CMP_SNS_Motor_AutoCommutation  comp_sensoeless.o
    0x00000b8c   0x00000b8c   0x0000003e   Code   RO          951    i.CMP_StructInit    snr8503x_cmp.o
    0x00000bca   0x00000bca   0x00000044   Code   RO            2    i.CMP_init          hardware_init.o
    0x00000c0e   0x00000c0e   0x00000002   PAD
    0x00000c10   0x00000c10   0x00000040   Code   RO         1780    i.COMP_Motor_Zero_Detect  SNR_BLDC_SNLS_V1p0.lib(zero_detect.o)
    0x00000c50   0x00000c50   0x0000001c   Code   RO          677    i.CWCCW_PowerOn     mc_drive.o
    0x00000c6c   0x00000c6c   0x00000054   Code   RO          678    i.CWCCW_ReadIO      mc_drive.o
    0x00000cc0   0x00000cc0   0x00000044   Code   RO          635    i.CalcGraudNormalizationData  speedramp.o
    0x00000d04   0x00000d04   0x00000062   Code   RO          636    i.CalcNormalization  speedramp.o
    0x00000d66   0x00000d66   0x00000038   Code   RO          749    i.CalcPI            pid.o
    0x00000d9e   0x00000d9e   0x00000002   PAD
    0x00000da0   0x00000da0   0x00000040   Code   RO            3    i.Clock_Init        hardware_init.o
    0x00000de0   0x00000de0   0x000000cc   Code   RO          235    i.CurrentOffsetCalibration  system_init.o
    0x00000eac   0x00000eac   0x00000034   Code   RO          373    i.Current_Limit     protect.o
    0x00000ee0   0x00000ee0   0x0000003c   Code   RO            4    i.DAC_OutputValue   hardware_init.o
    0x00000f1c   0x00000f1c   0x00000012   Code   RO            5    i.DAC_init          hardware_init.o
    0x00000f2e   0x00000f2e   0x00000002   PAD
    0x00000f30   0x00000f30   0x00000048   Code   RO          236    i.DC_offset_protect  system_init.o
    0x00000f78   0x00000f78   0x0000000c   Code   RO          437    i.DMA_IRQHandler    interrupt.o
    0x00000f84   0x00000f84   0x00000068   Code   RO          438    i.Digital_Value_Getting  interrupt.o
    0x00000fec   0x00000fec   0x0000004c   Code   RO         1781    i.Freerun_Zero_Detect  SNR_BLDC_SNLS_V1p0.lib(zero_detect.o)
    0x00001038   0x00001038   0x00000014   Code   RO          439    i.GPIO_IRQHandler   interrupt.o
    0x0000104c   0x0000104c   0x00000074   Code   RO         1035    i.GPIO_Init         snr8503x_gpio.o
    0x000010c0   0x000010c0   0x000000d4   Code   RO         1036    i.GPIO_PinAFConfig  snr8503x_gpio.o
    0x00001194   0x00001194   0x0000000e   Code   RO         1038    i.GPIO_ReadInputDataBit  snr8503x_gpio.o
    0x000011a2   0x000011a2   0x0000000c   Code   RO         1043    i.GPIO_StructInit   snr8503x_gpio.o
    0x000011ae   0x000011ae   0x0000000c   Code   RO         1045    i.GPIO_WriteBit     snr8503x_gpio.o
    0x000011ba   0x000011ba   0x00000002   PAD
    0x000011bc   0x000011bc   0x000000d0   Code   RO            6    i.GPIO_init         hardware_init.o
    0x0000128c   0x0000128c   0x00000014   Code   RO          440    i.HALL_IRQHandler   interrupt.o
    0x000012a0   0x000012a0   0x000000ac   Code   RO            8    i.Hardware_init     hardware_init.o
    0x0000134c   0x0000134c   0x00000002   Code   RO          441    i.I2C_IRQHandler    interrupt.o
    0x0000134e   0x0000134e   0x00000002   PAD
    0x00001350   0x00001350   0x00000068   Code   RO          853    i.INIT_FreerunDetect  comp_sensoeless.o
    0x000013b8   0x000013b8   0x00000010   Code   RO         1211    i.IWDG_DISABLE      snr8503x_iwdg.o
    0x000013c8   0x000013c8   0x0000002e   Code   RO          637    i.InitNormalization  speedramp.o
    0x000013f6   0x000013f6   0x00000002   PAD
    0x000013f8   0x000013f8   0x00000044   Code   RO          750    i.InitPI            pid.o
    0x0000143c   0x0000143c   0x00000118   Code   RO          180    i.Init_Parameter    global_variable.o
    0x00001554   0x00001554   0x00000038   Code   RO          552    i.M1M1_Fault        m1_statemachine.o
    0x0000158c   0x0000158c   0x00000014   Code   RO          553    i.M1M1_Init         m1_statemachine.o
    0x000015a0   0x000015a0   0x00000014   Code   RO          554    i.M1M1_Run          m1_statemachine.o
    0x000015b4   0x000015b4   0x0000000c   Code   RO          555    i.M1M1_RunAlign     m1_statemachine.o
    0x000015c0   0x000015c0   0x00000030   Code   RO          556    i.M1M1_RunBrake     m1_statemachine.o
    0x000015f0   0x000015f0   0x0000000c   Code   RO          557    i.M1M1_RunCalib     m1_statemachine.o
    0x000015fc   0x000015fc   0x00000014   Code   RO          558    i.M1M1_RunFreerun_Det  m1_statemachine.o
    0x00001610   0x00001610   0x00000014   Code   RO          559    i.M1M1_RunReady     m1_statemachine.o
    0x00001624   0x00001624   0x00000014   Code   RO          560    i.M1M1_RunSpin      m1_statemachine.o
    0x00001638   0x00001638   0x0000000c   Code   RO          561    i.M1M1_RunStartup   m1_statemachine.o
    0x00001644   0x00001644   0x00000024   Code   RO          562    i.M1M1_Stop         m1_statemachine.o
    0x00001668   0x00001668   0x00000018   Code   RO          563    i.M1M1_SwitchRunStop  m1_statemachine.o
    0x00001680   0x00001680   0x00000040   Code   RO          442    i.MCPWM0_IRQHandler  interrupt.o
    0x000016c0   0x000016c0   0x00000002   Code   RO          443    i.MCPWM1_IRQHandler  interrupt.o
    0x000016c2   0x000016c2   0x00000002   PAD
    0x000016c4   0x000016c4   0x0000027c   Code   RO         1245    i.MCPWM_Init        snr8503x_mcpwm.o
    0x00001940   0x00001940   0x0000000a   Code   RO         1246    i.MCPWM_StructInit  snr8503x_mcpwm.o
    0x0000194a   0x0000194a   0x00000002   PAD
    0x0000194c   0x0000194c   0x000000b0   Code   RO            9    i.MCPWM_init        hardware_init.o
    0x000019fc   0x000019fc   0x000000ac   Code   RO          317    i.MOS_Check_Step    mostest.o
    0x00001aa8   0x00001aa8   0x0000009c   Code   RO          374    i.MOS_TEMP_protect  protect.o
    0x00001b44   0x00001b44   0x00000100   Code   RO          318    i.MosTest           mostest.o
    0x00001c44   0x00001c44   0x000000ac   Code   RO          375    i.Motor_Block_Protect  protect.o
    0x00001cf0   0x00001cf0   0x000001bc   Code   RO          854    i.Motor_Freerun_Detect  comp_sensoeless.o
    0x00001eac   0x00001eac   0x00000060   Code   RO          679    i.Motor_LED_DISP    mc_drive.o
    0x00001f0c   0x00001f0c   0x000000e0   Code   RO          680    i.Motor_LED_Error   mc_drive.o
    0x00001fec   0x00001fec   0x0000001c   Code   RO          238    i.Multiplex_SWD     system_init.o
    0x00002008   0x00002008   0x0000001c   Code   RO          239    i.Multiplex_nRST    system_init.o
    0x00002024   0x00002024   0x00000018   Code   RO           10    i.NVIC_EnableIRQ    hardware_init.o
    0x0000203c   0x0000203c   0x00000044   Code   RO           11    i.NVIC_SetPriority  hardware_init.o
    0x00002080   0x00002080   0x000000ac   Code   RO          376    i.OVER_current_protect  protect.o
    0x0000212c   0x0000212c   0x00000024   Code   RO           12    i.PGA_init          hardware_init.o
    0x00002150   0x00002150   0x00000040   Code   RO          240    i.PGEN              system_init.o
    0x00002190   0x00002190   0x0000002c   Code   RO         1248    i.PWMOutputs        snr8503x_mcpwm.o
    0x000021bc   0x000021bc   0x00000018   Code   RO          241    i.PWON_PGEN         system_init.o
    0x000021d4   0x000021d4   0x00000064   Code   RO          681    i.PiCurrentLimitPWMDuty  mc_drive.o
    0x00002238   0x00002238   0x00000060   Code   RO         1736    i.Read_Trim         snr8503x_nvr.lib(lks32mc03x_nvr.o)
    0x00002298   0x00002298   0x0000001c   Code   RO          242    i.SET_SWD           system_init.o
    0x000022b4   0x000022b4   0x00000002   Code   RO          444    i.SPI_IRQHandler    interrupt.o
    0x000022b6   0x000022b6   0x00000002   Code   RO          445    i.SW_IRQHandler     interrupt.o
    0x000022b8   0x000022b8   0x00000044   Code   RO         1334    i.SYS_AnalogModuleClockCmd  snr8503x_sys.o
    0x000022fc   0x000022fc   0x00000024   Code   RO         1338    i.SYS_ModuleClockCmd  snr8503x_sys.o
    0x00002320   0x00002320   0x00000018   Code   RO         1339    i.SYS_SoftResetModule  snr8503x_sys.o
    0x00002338   0x00002338   0x00000012   Code   RO           13    i.SoftDelay         hardware_init.o
    0x0000234a   0x0000234a   0x00000002   Code   RO          446    i.SysTick_Handler   interrupt.o
    0x0000234c   0x0000234c   0x00000008   Code   RO           14    i.SystemInit        hardware_init.o
    0x00002354   0x00002354   0x00000040   Code   RO          447    i.TIMER0_IRQHandler  interrupt.o
    0x00002394   0x00002394   0x00000088   Code   RO          448    i.TIMER1_IRQHandler  interrupt.o
    0x0000241c   0x0000241c   0x000000ac   Code   RO         1386    i.TIM_TimerInit     snr8503x_timer.o
    0x000024c8   0x000024c8   0x00000034   Code   RO         1387    i.TIM_TimerStrutInit  snr8503x_timer.o
    0x000024fc   0x000024fc   0x0000006c   Code   RO          347    i.Task_Scheduler    main.o
    0x00002568   0x00002568   0x00000002   Code   RO          449    i.UART_IRQHandler   interrupt.o
    0x0000256a   0x0000256a   0x00000002   PAD
    0x0000256c   0x0000256c   0x00000064   Code   RO           15    i.UTimer_init       hardware_init.o
    0x000025d0   0x000025d0   0x00000108   Code   RO          682    i.VSP_Control_Motor  mc_drive.o
    0x000026d8   0x000026d8   0x0000013c   Code   RO          377    i.Vol_protect       protect.o
    0x00002814   0x00002814   0x00000002   Code   RO          450    i.WAKE_IRQHandler   interrupt.o
    0x00002816   0x00002816   0x0000001a   Code   RO          335    i.__ARM_common_switch8  mostest.o
    0x00002830   0x00002830   0x00000024   Code   RO          892    i.delay_init        delay.o
    0x00002854   0x00002854   0x0000002c   Code   RO          893    i.delay_ms          delay.o
    0x00002880   0x00002880   0x0000002c   Code   RO          894    i.delay_us          delay.o
    0x000028ac   0x000028ac   0x0000002c   Code   RO          895    i.delay_xms         delay.o
    0x000028d8   0x000028d8   0x00000084   Code   RO          348    i.main              main.o
    0x0000295c   0x0000295c   0x00000020   Code   RO          378    i.procHander        protect.o
    0x0000297c   0x0000297c   0x00000020   Code   RO          244    i.sys_init          system_init.o
    0x0000299c   0x0000299c   0x000000f0   Code   RO          181    i.variable_reset    global_variable.o
    0x00002a8c   0x00002a8c   0x000000b0   Code   RO         1851    x$fpl$fmul          fz_ps.l(fmul.o)
    0x00002b3c   0x00002b3c   0x00000000   Code   RO         1858    x$fpl$usenofp       fz_ps.l(usenofp.o)
    0x00002b3c   0x00002b3c   0x0000000a   Data   RO          183    .constdata          global_variable.o
    0x00002b46   0x00002b46   0x00000002   PAD
    0x00002b48   0x00002b48   0x00000010   Data   RO          564    .constdata          m1_statemachine.o
    0x00002b58   0x00002b58   0x0000001c   Data   RO          565    .constdata          m1_statemachine.o
    0x00002b74   0x00002b74   0x00000040   Data   RO         1843    .constdata          fz_ps.l(fdiv.o)
    0x00002bb4   0x00002bb4   0x00000020   Data   RO         2019    Region$$Table       anon$$obj.o


    Execution Region RW_IRAM1 (Exec base: 0x20000000, Load base: 0x00002bd4, Size: 0x00000508, Max: 0x00020000, ABSOLUTE)

    Exec Addr    Load Addr    Size         Type   Attr      Idx    E Section Name        Object

    0x20000000   0x00002bd4   0x00000002   Data   RW          245    .data               system_init.o
    0x20000002   0x00002bd6   0x00000014   Data   RW          379    .data               protect.o
    0x20000016   0x00002bea   0x00000002   Data   RW          566    .data               m1_statemachine.o
    0x20000018   0x00002bec   0x00000002   Data   RW          642    .data               speedramp.o
    0x2000001a   0x00002bee   0x00000002   PAD
    0x2000001c   0x00002bf0   0x0000001c   Data   RW          683    .data               mc_drive.o
    0x20000038   0x00002c0c   0x0000001f   Data   RW          855    .data               comp_sensoeless.o
    0x20000057   0x00002c2b   0x00000001   PAD
    0x20000058   0x00002c2c   0x00000008   Data   RW          896    .data               delay.o
    0x20000060   0x00002c34   0x00000008   Data   RW         1782    .data               SNR_BLDC_SNLS_V1p0.lib(zero_detect.o)
    0x20000068        -       0x00000114   Zero   RW          182    .bss                global_variable.o
    0x2000017c        -       0x00000020   Zero   RW          319    .bss                mostest.o
    0x2000019c        -       0x00000020   Zero   RW          638    .bss                speedramp.o
    0x200001bc        -       0x00000018   Zero   RW          639    .bss                speedramp.o
    0x200001d4        -       0x00000020   Zero   RW          640    .bss                speedramp.o
    0x200001f4        -       0x00000018   Zero   RW          641    .bss                speedramp.o
    0x2000020c        -       0x00000048   Zero   RW          751    .bss                pid.o
    0x20000254        -       0x00000060   Zero   RW         1892    .bss                c_p.l(libspace.o)
    0x200002b4   0x00002c3c   0x00000004   PAD
    0x200002b8        -       0x00000200   Zero   RW         1455    HEAP                startup_snr8503x.o
    0x200004b8        -       0x00000050   Zero   RW         1454    STACK               startup_snr8503x.o


==============================================================================

Image component sizes


      Code (inc. data)   RO Data    RW Data    ZI Data      Debug   Object Name

      1024        116          0         31          0       3983   comp_sensoeless.o
       168         28          0          8          0       2555   delay.o
       520         70         10          0        276       6024   global_variable.o
      1108        102          0          0          0      34607   hardware_init.o
       598        110          0          0          0       8575   interrupt.o
       300         82         44          2          0       8737   m1_statemachine.o
       240         44          0          0          0       1088   main.o
      1144        200          0         28          0       6608   mc_drive.o
       454         78          0          0         32       3014   mostest.o
       124         12          0          0         72       2439   pid.o
       900        128          0         20          0       5441   protect.o
       178         12          0          0          0       1844   snr8503x_adc.o
       286         18          0          0          0       1680   snr8503x_cmp.o
       366         28          0          0          0       4269   snr8503x_gpio.o
        16          6          0          0          0        495   snr8503x_iwdg.o
       690         28          0          0          0       2549   snr8503x_mcpwm.o
       128         28          0          0          0       1858   snr8503x_sys.o
       224         10          0          0          0       1837   snr8503x_timer.o
       212          6          0          2        112       3667   speedramp.o
        68         32        192          0        592        736   startup_snr8503x.o
       480         90          0          2          0       4712   system_init.o

    ----------------------------------------------------------------------
      9248       1228        280         96       1084     106718   Object Totals
         0          0         32          0          0          0   (incl. Generated)
        20          0          2          3          0          0   (incl. Padding)

    ----------------------------------------------------------------------

      Code (inc. data)   RO Data    RW Data    ZI Data      Debug   Library Member Name

       180         16          0          8          0       3146   zero_detect.o
         8          0          0          0          0         68   __main.o
         0          0          0          0          0          0   __rtentry.o
        12          0          0          0          0          0   __rtentry2.o
         6          0          0          0          0          0   __rtentry4.o
        60          8          0          0          0          0   __scatter.o
        26          0          0          0          0          0   __scatter_copy.o
        28          0          0          0          0          0   __scatter_zi.o
       346          0          0          0          0         92   aeabi_sdiv.o
        16          0          0          0          0         68   exit.o
         6          0          0          0          0        136   heapauxi.o
         0          0          0          0          0          0   indicate_semi.o
         2          0          0          0          0          0   libinit.o
         2          0          0          0          0          0   libinit2.o
         2          0          0          0          0          0   libshutdown.o
         2          0          0          0          0          0   libshutdown2.o
         8          4          0          0         96         68   libspace.o
        64          0          0          0          0        108   rt_memclr.o
         2          0          0          0          0          0   rtexit.o
        10          0          0          0          0          0   rtexit2.o
        12          4          0          0          0         60   sys_exit.o
        62          0          0          0          0         80   sys_stackheap_outer.o
         2          0          0          0          0         68   use_no_semi.o
       352         10         64          0          0         92   fdiv.o
        48          0          0          0          0         60   ffixui.o
        94          0          0          0          0         92   fflti.o
       176          4          0          0          0         80   fmul.o
         0          0          0          0          0          0   usenofp.o
        96          6          0          0          0        568   lks32mc03x_nvr.o

    ----------------------------------------------------------------------
      1628         52         64          8        100       4786   Library Totals
         6          0          0          0          4          0   (incl. Padding)

    ----------------------------------------------------------------------

      Code (inc. data)   RO Data    RW Data    ZI Data      Debug   Library Name

       180         16          0          8          0       3146   SNR_BLDC_SNLS_V1p0.lib
       676         16          0          0         96        748   c_p.l
       670         14         64          0          0        324   fz_ps.l
        96          6          0          0          0        568   snr8503x_nvr.lib

    ----------------------------------------------------------------------
      1628         52         64          8        100       4786   Library Totals

    ----------------------------------------------------------------------

==============================================================================


      Code (inc. data)   RO Data    RW Data    ZI Data      Debug   

     10876       1280        344        104       1184     106556   Grand Totals
     10876       1280        344        104       1184     106556   ELF Image Totals
     10876       1280        344        104          0          0   ROM Totals

==============================================================================

    Total RO  Size (Code + RO Data)                11220 (  10.96kB)
    Total RW  Size (RW Data + ZI Data)              1288 (   1.26kB)
    Total ROM Size (Code + RO Data + RW Data)      11324 (  11.06kB)

==============================================================================

